Computed ciphertext:
39 25 84 1d 02 dc 09 fb dc 11 85 97 19 6a 0b 32 
Test passed: Ciphertext matches expected value.

C:\Users\aeone\AppData\Roaming\Xilinx\Vivado\aes\solution1\sim\vhdl>set PATH= 

C:\Users\aeone\AppData\Roaming\Xilinx\Vivado\aes\solution1\sim\vhdl>call C:/Xilinx/Vivado/2018.3/bin/xelab xil_defaultlib.apatb_aes_encrypt_hls_stream_top glbl -prj aes_encrypt_hls_stream.prj -L smartconnect_v1_0 -L axi_protocol_checker_v1_1_12 -L axi_protocol_checker_v1_1_13 -L axis_protocol_checker_v1_1_11 -L axis_protocol_checker_v1_1_12 -L xil_defaultlib -L unisims -L xpm --initfile "C:/Xilinx/Vivado/2018.3/data/xsim/ip/xsim_ip.ini" --lib "ieee_proposed=./ieee_proposed" -s aes_encrypt_hls_stream  
INFO: [XSIM 43-3496] Using init file passed via -initfile option "C:/Xilinx/Vivado/2018.3/data/xsim/ip/xsim_ip.ini".
Vivado Simulator 2018.3
Copyright 1986-1999, 2001-2018 Xilinx, Inc. All Rights Reserved.
Running: C:/Xilinx/Vivado/2018.3/bin/unwrapped/win64.o/xelab.exe xil_defaultlib.apatb_aes_encrypt_hls_stream_top glbl -prj aes_encrypt_hls_stream.prj -L smartconnect_v1_0 -L axi_protocol_checker_v1_1_12 -L axi_protocol_checker_v1_1_13 -L axis_protocol_checker_v1_1_11 -L axis_protocol_checker_v1_1_12 -L xil_defaultlib -L unisims -L xpm --initfile C:/Xilinx/Vivado/2018.3/data/xsim/ip/xsim_ip.ini --lib ieee_proposed=./ieee_proposed -s aes_encrypt_hls_stream 
Multi-threading is on. Using 10 slave threads.
Determining compilation order of HDL files.
INFO: [VRFC 10-2263] Analyzing SystemVerilog file "C:/Users/aeone/AppData/Roaming/Xilinx/Vivado/aes/solution1/sim/vhdl/glbl.v" into library work
INFO: [VRFC 10-311] analyzing module glbl
INFO: [VRFC 10-163] Analyzing VHDL file "C:/Users/aeone/AppData/Roaming/Xilinx/Vivado/aes/solution1/sim/vhdl/AESL_sim_pkg.vhd" into library xil_defaultlib
INFO: [VRFC 10-163] Analyzing VHDL file "C:/Users/aeone/AppData/Roaming/Xilinx/Vivado/aes/solution1/sim/vhdl/AESL_axi_s_inStream_V_V.vhd" into library xil_defaultlib
INFO: [VRFC 10-3107] analyzing entity 'AESL_axi_s_inStream_V_V'
INFO: [VRFC 10-163] Analyzing VHDL file "C:/Users/aeone/AppData/Roaming/Xilinx/Vivado/aes/solution1/sim/vhdl/AESL_axi_s_keyStream_V_V.vhd" into library xil_defaultlib
INFO: [VRFC 10-3107] analyzing entity 'AESL_axi_s_keyStream_V_V'
INFO: [VRFC 10-163] Analyzing VHDL file "C:/Users/aeone/AppData/Roaming/Xilinx/Vivado/aes/solution1/sim/vhdl/AESL_axi_s_outStream_V_V.vhd" into library xil_defaultlib
INFO: [VRFC 10-3107] analyzing entity 'AESL_axi_s_outStream_V_V'
INFO: [VRFC 10-163] Analyzing VHDL file "C:/Users/aeone/AppData/Roaming/Xilinx/Vivado/aes/solution1/sim/vhdl/aes_encrypt_hls_sbkb.vhd" into library xil_defaultlib
INFO: [VRFC 10-3107] analyzing entity 'aes_encrypt_hls_sbkb_rom'
INFO: [VRFC 10-3107] analyzing entity 'aes_encrypt_hls_sbkb'
INFO: [VRFC 10-163] Analyzing VHDL file "C:/Users/aeone/AppData/Roaming/Xilinx/Vivado/aes/solution1/sim/vhdl/aes_encrypt_hls_scud.vhd" into library xil_defaultlib
INFO: [VRFC 10-3107] analyzing entity 'aes_encrypt_hls_scud_ram'
INFO: [VRFC 10-3107] analyzing entity 'aes_encrypt_hls_scud'
INFO: [VRFC 10-163] Analyzing VHDL file "C:/Users/aeone/AppData/Roaming/Xilinx/Vivado/aes/solution1/sim/vhdl/aes_encrypt_hls_sg8j.vhd" into library xil_defaultlib
INFO: [VRFC 10-3107] analyzing entity 'aes_encrypt_hls_sg8j_ram'
INFO: [VRFC 10-3107] analyzing entity 'aes_encrypt_hls_sg8j'
INFO: [VRFC 10-163] Analyzing VHDL file "C:/Users/aeone/AppData/Roaming/Xilinx/Vivado/aes/solution1/sim/vhdl/aes_encrypt_hls_ssc4.vhd" into library xil_defaultlib
INFO: [VRFC 10-3107] analyzing entity 'aes_encrypt_hls_ssc4_ram'
INFO: [VRFC 10-3107] analyzing entity 'aes_encrypt_hls_ssc4'
INFO: [VRFC 10-163] Analyzing VHDL file "C:/Users/aeone/AppData/Roaming/Xilinx/Vivado/aes/solution1/sim/vhdl/aes_encrypt_hls_stde.vhd" into library xil_defaultlib
INFO: [VRFC 10-3107] analyzing entity 'aes_encrypt_hls_stde_ram'
INFO: [VRFC 10-3107] analyzing entity 'aes_encrypt_hls_stde'
INFO: [VRFC 10-163] Analyzing VHDL file "C:/Users/aeone/AppData/Roaming/Xilinx/Vivado/aes/solution1/sim/vhdl/aes_encrypt_hls_stream.autotb.vhd" into library xil_defaultlib
INFO: [VRFC 10-3107] analyzing entity 'apatb_aes_encrypt_hls_stream_top'
INFO: [VRFC 10-163] Analyzing VHDL file "C:/Users/aeone/AppData/Roaming/Xilinx/Vivado/aes/solution1/sim/vhdl/aes_encrypt_hls_stream.vhd" into library xil_defaultlib
INFO: [VRFC 10-3107] analyzing entity 'aes_encrypt_hls_stream'
INFO: [VRFC 10-163] Analyzing VHDL file "C:/Users/aeone/AppData/Roaming/Xilinx/Vivado/aes/solution1/sim/vhdl/aes_encrypt_hls_svdy.vhd" into library xil_defaultlib
INFO: [VRFC 10-3107] analyzing entity 'aes_encrypt_hls_svdy'
Starting static elaboration
WARNING: [VRFC 10-1303] range is empty (null range) [/wrk/xhdhdnobkup3/mounicav/xsimsource/xsim_HEAD/data/vhdl/src/ieee_2008/numeric_std-body.vhdl:3476]
WARNING: [VRFC 10-1303] range is empty (null range) [/wrk/xhdhdnobkup3/mounicav/xsimsource/xsim_HEAD/data/vhdl/src/ieee_2008/numeric_std-body.vhdl:3476]
Completed static elaboration
Starting simulation data flow analysis
Completed simulation data flow analysis
Time Resolution for simulation is 1ps
Compiling package std.standard
Compiling package std.textio
Compiling package ieee.std_logic_1164
Compiling package ieee.std_logic_arith
Compiling package ieee.std_logic_unsigned
Compiling package ieee.numeric_std
Compiling package ieee.std_logic_textio
Compiling module work.glbl
Compiling architecture rtl of entity xil_defaultlib.aes_encrypt_hls_sbkb_rom [aes_encrypt_hls_sbkb_rom_default]
Compiling architecture arch of entity xil_defaultlib.aes_encrypt_hls_sbkb [aes_encrypt_hls_sbkb_default]
Compiling architecture rtl of entity xil_defaultlib.aes_encrypt_hls_scud_ram [\aes_encrypt_hls_scud_ram(1,5)\]
Compiling architecture arch of entity xil_defaultlib.aes_encrypt_hls_scud [aes_encrypt_hls_scud_default]
Compiling architecture rtl of entity xil_defaultlib.aes_encrypt_hls_sg8j_ram [\aes_encrypt_hls_sg8j_ram(1,5)\]
Compiling architecture arch of entity xil_defaultlib.aes_encrypt_hls_sg8j [aes_encrypt_hls_sg8j_default]
Compiling architecture rtl of entity xil_defaultlib.aes_encrypt_hls_ssc4_ram [\aes_encrypt_hls_ssc4_ram(1,11)\]
Compiling architecture arch of entity xil_defaultlib.aes_encrypt_hls_ssc4 [aes_encrypt_hls_ssc4_default]
Compiling architecture rtl of entity xil_defaultlib.aes_encrypt_hls_stde_ram [\aes_encrypt_hls_stde_ram(1,5)\]
Compiling architecture arch of entity xil_defaultlib.aes_encrypt_hls_stde [aes_encrypt_hls_stde_default]
Compiling architecture rtl of entity xil_defaultlib.aes_encrypt_hls_svdy [\aes_encrypt_hls_svdy(id=1,din0_...]
Compiling architecture behav of entity xil_defaultlib.aes_encrypt_hls_stream [aes_encrypt_hls_stream_default]
Compiling architecture behav of entity xil_defaultlib.AESL_axi_s_inStream_V_V [aesl_axi_s_instream_v_v_default]
Compiling architecture behav of entity xil_defaultlib.AESL_axi_s_outStream_V_V [aesl_axi_s_outstream_v_v_default]
Compiling architecture behav of entity xil_defaultlib.AESL_axi_s_keyStream_V_V [aesl_axi_s_keystream_v_v_default]
Compiling architecture behav of entity xil_defaultlib.apatb_aes_encrypt_hls_stream_top
Built simulation snapshot aes_encrypt_hls_stream

****** Webtalk v2018.3 (64-bit)
  **** SW Build 2405991 on Thu Dec  6 23:38:27 MST 2018
  **** IP Build 2404404 on Fri Dec  7 01:43:56 MST 2018
    ** Copyright 1986-2018 Xilinx, Inc. All Rights Reserved.

source C:/Users/aeone/AppData/Roaming/Xilinx/Vivado/aes/solution1/sim/vhdl/xsim.dir/aes_encrypt_hls_stream/webtalk/xsim_webtalk.tcl -notrace
INFO: [Common 17-206] Exiting Webtalk at Mon Apr 13 21:46:16 2020...

****** xsim v2018.3 (64-bit)
  **** SW Build 2405991 on Thu Dec  6 23:38:27 MST 2018
  **** IP Build 2404404 on Fri Dec  7 01:43:56 MST 2018
    ** Copyright 1986-2018 Xilinx, Inc. All Rights Reserved.

source xsim.dir/aes_encrypt_hls_stream/xsim_script.tcl
# xsim {aes_encrypt_hls_stream} -autoloadwcfg -tclbatch {aes_encrypt_hls_stream.tcl}
Vivado Simulator 2018.3
Time resolution is 1 ps
source aes_encrypt_hls_stream.tcl
## run all
Note: simulation done!
Time: 1275 ns  Iteration: 1  Process: /apatb_aes_encrypt_hls_stream_top/generate_sim_done_proc  File: C:/Users/aeone/AppData/Roaming/Xilinx/Vivado/aes/solution1/sim/vhdl/aes_encrypt_hls_stream.autotb.vhd
Failure: NORMAL EXIT (note: failure is to force the simulator to stop)
Time: 1275 ns  Iteration: 1  Process: /apatb_aes_encrypt_hls_stream_top/generate_sim_done_proc  File: C:/Users/aeone/AppData/Roaming/Xilinx/Vivado/aes/solution1/sim/vhdl/aes_encrypt_hls_stream.autotb.vhd
$finish called at time : 1275 ns
## quit
INFO: [Common 17-206] Exiting xsim at Mon Apr 13 21:46:28 2020...
Computed ciphertext:
39 25 84 1d 02 dc 09 fb dc 11 85 97 19 6a 0b 32 
Test passed: Ciphertext matches expected value.
