#-----------------------------------------------------------
# Vivado v2018.3 (64-bit)
# SW Build 2405991 on Thu Dec  6 23:38:27 MST 2018
# IP Build 2404404 on Fri Dec  7 01:43:56 MST 2018
# Start of session at: Thu May  1 21:29:54 2025
# Process ID: 29992
# Current directory: C:/Users/aeone/Documents/ECE-1895-Junior-Design-Project/AES
# Command line: vivado.exe -gui_launcher_event rodinguilauncherevent16640 C:\Users\aeone\Documents\ECE-1895-Junior-Design-Project\AES\AES.xpr
# Log file: C:/Users/aeone/Documents/ECE-1895-Junior-Design-Project/AES/vivado.log
# Journal file: C:/Users/aeone/Documents/ECE-1895-Junior-Design-Project/AES\vivado.jou
#-----------------------------------------------------------
start_gui
open_project C:/Users/aeone/Documents/ECE-1895-Junior-Design-Project/AES/AES.xpr
INFO: [Project 1-313] Project file moved from 'C:/AES' since last save.
Scanning sources...
Finished scanning sources
INFO: [filemgmt 56-1] IP Repository Path: Directory not found as 'C:/Users/aeone/Documents/ECE-1895-Junior-Design-Project/Users/aeone/Documents/ip'; using path 'C:/Users/aeone/Documents/ip' instead.
INFO: [IP_Flow 19-234] Refreshing IP repositories
INFO: [IP_Flow 19-1700] Loaded user IP repository 'c:/Users/aeone/Documents/ip'.
INFO: [IP_Flow 19-2313] Loaded Vivado IP repository 'C:/Xilinx/Vivado/2018.3/data/ip'.
open_project: Time (s): cpu = 00:00:16 ; elapsed = 00:00:16 . Memory (MB): peak = 866.469 ; gain = 235.277
update_compile_order -fileset sources_1
open_bd_design {C:/Users/aeone/Documents/ECE-1895-Junior-Design-Project/AES/AES.srcs/sources_1/bd/aes_bd/aes_bd.bd}
Adding cell -- xilinx.com:ip:processing_system7:5.5 - processing_system7_0
Adding cell -- xilinx.com:ip:axi_dma:7.1 - axi_dma_0
Adding cell -- xilinx.com:ip:smartconnect:1.0 - axi_smc
Adding cell -- xilinx.com:ip:proc_sys_reset:5.0 - rst_ps7_0_100M
Adding cell -- xilinx.com:ip:axi_interconnect:2.1 - ps7_0_axi_periph
Adding cell -- xilinx.com:ip:axi_crossbar:2.1 - xbar
Adding cell -- xilinx.com:ip:axi_protocol_converter:2.1 - auto_pc
Adding cell -- xilinx.com:hls:aes_encrypt_top:1.0 - aes_encrypt_top_0
Adding cell -- xilinx.com:ip:xlconcat:2.1 - xlconcat_0
Successfully read diagram <aes_bd> from BD file <C:/Users/aeone/Documents/ECE-1895-Junior-Design-Project/AES/AES.srcs/sources_1/bd/aes_bd/aes_bd.bd>
open_bd_design: Time (s): cpu = 00:00:07 ; elapsed = 00:00:06 . Memory (MB): peak = 1117.609 ; gain = 109.258
exit
INFO: [Common 17-206] Exiting Vivado at Thu May  1 21:30:46 2025...
