INFO-FLOW: Workspace C:/Users/aeone/AppData/Roaming/Xilinx/Vivado/aes/solution1 opened at Tue Apr 22 00:07:20 -0400 2025
Execute     config_clock -quiet -name default -period 10 -default=false 
INFO: [SYN 201-201] Setting up clock 'default' with a period of 10ns.
Execute     open_platform DefaultPlatform 
Execute     import_lib C:/Xilinx/Vivado/2018.3/common/technology/xilinx/zynq/zynq 
Execute       source C:/Xilinx/Vivado/2018.3/common/technology/xilinx/common/xilinx.lib 
Execute         source C:/Xilinx/Vivado/2018.3/common/technology/xilinx/interface/xilinx_interface.lib 
Execute           source C:/Xilinx/Vivado/2018.3/common/technology/xilinx/interface/plb46.lib 
Execute           source C:/Xilinx/Vivado/2018.3/common/technology/xilinx/interface/fsl.lib 
Execute           source C:/Xilinx/Vivado/2018.3/common/technology/xilinx/interface/axi4.lib 
Execute           source C:/Xilinx/Vivado/2018.3/common/technology/xilinx/interface/maxi.lib 
Execute           source C:/Xilinx/Vivado/2018.3/common/technology/xilinx/interface/saxilite.lib 
Execute         source C:/Xilinx/Vivado/2018.3/common/technology/xilinx/common/dsp48.lib 
Execute         source C:/Xilinx/Vivado/2018.3/common/technology/xilinx/ip/dds_compiler.lib 
Execute         source C:/Xilinx/Vivado/2018.3/common/technology/xilinx/ip/xfft.lib 
Execute         source C:/Xilinx/Vivado/2018.3/common/technology/xilinx/ip/xfir.lib 
Execute       source C:/Xilinx/Vivado/2018.3/common/technology/xilinx/common/xilinx_old.lib 
Execute       source C:/Xilinx/Vivado/2018.3/common/technology/xilinx/common/xilinx_vivado.lib 
Execute       source C:/Xilinx/Vivado/2018.3/common/technology/xilinx/common/xilinx.hlp 
Execute         source C:/Xilinx/Vivado/2018.3/common/technology/xilinx/common/target_info.tcl 
Execute         source C:/Xilinx/Vivado/2018.3/common/technology/xilinx/interface/xilinx_interface.hlp 
Execute           source C:/Xilinx/Vivado/2018.3/common/technology/xilinx/interface/maxi.hlp 
Execute           source C:/Xilinx/Vivado/2018.3/common/technology/xilinx/interface/saxilite.hlp 
Execute         source C:/Xilinx/Vivado/2018.3/common/technology/xilinx/common/dsp48.hlp 
Execute       source C:/Xilinx/Vivado/2018.3/common/technology/xilinx/zynq/dsp48e1.hlp 
Execute       get_default_platform 
Execute       config_chip_info -quiet -resource  {SLICE 13300}  {LUT 53200}     {FF 106400} {DSP48E 220}   {BRAM 280}  
Execute       config_chip_info -quiet -speed medium 
Execute       source C:/Xilinx/Vivado/2018.3/common/technology/xilinx/common/xilinx.hlp 
Execute         source C:/Xilinx/Vivado/2018.3/common/technology/xilinx/common/target_info.tcl 
Execute         source C:/Xilinx/Vivado/2018.3/common/technology/xilinx/interface/xilinx_interface.hlp 
Execute           source C:/Xilinx/Vivado/2018.3/common/technology/xilinx/interface/maxi.hlp 
Execute           source C:/Xilinx/Vivado/2018.3/common/technology/xilinx/interface/saxilite.hlp 
Execute         source C:/Xilinx/Vivado/2018.3/common/technology/xilinx/common/dsp48.hlp 
Execute     source C:/Xilinx/Vivado/2018.3/common/technology/xilinx/zynq/zynq.gen 
Execute       source C:/Xilinx/Vivado/2018.3/common/technology/xilinx/common/virtex.gen 
Execute         source C:/Xilinx/Vivado/2018.3/common/technology/xilinx/common/xilinx.gen 
Execute           source C:/Xilinx/Vivado/2018.3/common/technology/xilinx/interface/plb46.gen 
Execute           source C:/Xilinx/Vivado/2018.3/common/technology/xilinx/interface/fsl.gen 
Execute           source C:/Xilinx/Vivado/2018.3/common/technology/xilinx/interface/axi4.gen 
Execute           source C:/Xilinx/Vivado/2018.3/common/technology/xilinx/interface/nativeAXI4.gen 
Execute             source C:/Xilinx/Vivado/2018.3/common/technology/xilinx/interface/saxilite.gen 
Execute             source C:/Xilinx/Vivado/2018.3/common/technology/xilinx/interface/maxi.gen 
Execute           source C:/Xilinx/Vivado/2018.3/common/technology/xilinx/scripts/xilinxcoregen.gen 
Execute           source C:/Xilinx/Vivado/2018.3/common/technology/xilinx/interface/XilEDKCoreGen.gen 
Execute           source C:/Xilinx/Vivado/2018.3/common/technology/xilinx/ip/dds_compiler.gen 
Execute           source C:/Xilinx/Vivado/2018.3/common/technology/xilinx/ip/util.gen 
Execute           source C:/Xilinx/Vivado/2018.3/common/technology/xilinx/ip/xfft.gen 
Execute           source C:/Xilinx/Vivado/2018.3/common/technology/xilinx/ip/xfir.gen 
Execute         source C:/Xilinx/Vivado/2018.3/common/technology/xilinx/common/dsp48.gen 
Execute     open_platform DefaultPlatform 
Execute     import_lib C:/Xilinx/Vivado/2018.3/common/technology/xilinx/zynq/zynq_fpv6 
Execute       source C:/Xilinx/Vivado/2018.3/common/technology/xilinx/common/xilinx_fpv7.lib 
Execute         source C:/Xilinx/Vivado/2018.3/common/technology/xilinx/common/xilinx_hp.lib 
Execute       source C:/Xilinx/Vivado/2018.3/common/technology/xilinx/common/xilinx_fpv.hlp 
Execute         source C:/Xilinx/Vivado/2018.3/common/technology/xilinx/common/xilinx.hlp 
Execute           source C:/Xilinx/Vivado/2018.3/common/technology/xilinx/common/target_info.tcl 
Execute           source C:/Xilinx/Vivado/2018.3/common/technology/xilinx/interface/xilinx_interface.hlp 
Execute             source C:/Xilinx/Vivado/2018.3/common/technology/xilinx/interface/maxi.hlp 
Execute             source C:/Xilinx/Vivado/2018.3/common/technology/xilinx/interface/saxilite.hlp 
Execute           source C:/Xilinx/Vivado/2018.3/common/technology/xilinx/common/dsp48.hlp 
Execute       source C:/Xilinx/Vivado/2018.3/common/technology/xilinx/zynq/zynq_hp.hlp 
Execute     source C:/Xilinx/Vivado/2018.3/common/technology/xilinx/zynq/zynq_fpv6.gen 
Execute       source C:/Xilinx/Vivado/2018.3/common/technology/xilinx/common/xilinx_fpv6.gen 
Execute     set_part xc7z020clg400-1 
Execute       add_library xilinx/zynq/zynq:xc7z020:clg400:-1 
Execute         get_default_platform 
Execute         license_isbetapart xc7z020 
Command         license_isbetapart done; error code: 1; 
Execute         get_default_platform 
Execute         config_chip_info -quiet -resource  {SLICE 13300}  {LUT 53200}     {FF 106400} {DSP48E 220}   {BRAM 280}  
Execute         config_chip_info -quiet -speed slow 
Execute       add_library xilinx/zynq/zynq_fpv6 
Execute         get_default_platform 
INFO: [HLS 200-10] Setting target device to 'xc7z020clg400-1'
Execute       get_default_platform 
Execute     get_default_platform 
Execute     config_chip_info -quiet -resource  {SLICE 13300}  {LUT 53200}     {FF 106400} {DSP48E 220}   {BRAM 280}  
Execute     config_chip_info -quiet -speed slow 
Execute     config_export -format=ip_catalog 
Execute     config_export -rtl=vhdl 
Command   open_solution done; 0.205 sec.
Execute   set_part xc7z020clg400-1 -tool vivado 
Execute     add_library xilinx/zynq/zynq:xc7z020:clg400:-1 
Execute       get_default_platform 
Execute       license_isbetapart xc7z020 
Command       license_isbetapart done; error code: 1; 
Execute       get_default_platform 
Execute       config_chip_info -quiet -resource  {SLICE 13300}  {LUT 53200}     {FF 106400} {DSP48E 220}   {BRAM 280}  
Execute       config_chip_info -quiet -speed slow 
Execute     add_library xilinx/zynq/zynq_fpv6 
Execute       get_default_platform 
Execute     get_default_platform 
Execute   create_clock -period 10 -name default 
Execute   config_export -format ip_catalog -rtl vhdl 
Execute   csynth_design 
Execute     get_config_compile -effort 
Execute     get_config_compile -enable_clang39 
Execute     get_config_compile -g 
Execute     get_config_compile -lm 
Execute     get_config_compile -ng 
Execute     get_config_compile -opt_fp 
Execute     get_config_compile -skip_cdt 
Execute     get_config_compile -skip_syncheck 
Execute     get_config_compile -skip_transform 
Execute     config_compile -blackbox  
Execute     get_config_compile -keep_printf 
Execute     elaborate -effort=medium -skip_syncheck=0 -keep_printf=0 -lm=0 -skip_cdt=0 -skip_transform=0 -ng=0 -g=0 -opt_fp=0 -from_csynth_design=1 
Execute       get_config_schedule -relax_ii_for_timing 
INFO: [SCHED 204-61] Option 'relax_ii_for_timing' is enabled, will increase II to preserve clock frequency constraints.
Execute       get_config_schedule -suppress_dependence_error_break 
INFO: [HLS 200-10] Analyzing design file 'aes/aes_encrypt.cpp' ... 
INFO-FLOW: Compiling one TU...
Execute       is_m_axi_addr64 
INFO-FLOW: Handling aes/aes_encrypt.cpp as C++
Execute       get_default_platform 
Execute       is_encrypted aes/aes_encrypt.cpp 
Execute       get_default_platform 
INFO-FLOW: Running: GCC PP
INFO-FLOW: Source preprocessing
Execute       clang  -fno-limit-debug-info -gcc-toolchain "C:/Xilinx/Vivado/2018.3/msys" -hls  -fno-exceptions  -D__llvm__  -E "aes/aes_encrypt.cpp"     -fno-math-errno -c -emit-llvm -O0  -mllvm -disable-llvm-optzns -fno-threadsafe-statics  -fno-use-cxa-atexit  -fno-threadsafe-statics -fno-use-cxa-atexit -D__CLANG_3_1__ -D__cdecl= -DAESL_SYN -D__SYNTHESIS__ -D__HLS_SYN__ -I "C:/Xilinx/Vivado/2018.3/common/technology/autopilot" -I "C:/Xilinx/Vivado/2018.3/common/technology/autopilot/ap_sysc" -include etc/autopilot_ssdm_op.h -D__DSP48E1__  -o "C:/Users/aeone/AppData/Roaming/Xilinx/Vivado/aes/solution1/.autopilot/db/aes_encrypt.pp.0.cpp" 
INFO-FLOW: exec C:/Xilinx/Vivado/2018.3/win64/tools/clang/bin/clang -fno-limit-debug-info -gcc-toolchain C:/Xilinx/Vivado/2018.3/msys -hls -fno-exceptions -D__llvm__ -E aes/aes_encrypt.cpp -fno-math-errno -c -emit-llvm -O0 -mllvm -disable-llvm-optzns -fno-threadsafe-statics -fno-use-cxa-atexit -fno-threadsafe-statics -fno-use-cxa-atexit -D__CLANG_3_1__ -D__cdecl= -DAESL_SYN -D__SYNTHESIS__ -D__HLS_SYN__ -I C:/Xilinx/Vivado/2018.3/common/technology/autopilot -I C:/Xilinx/Vivado/2018.3/common/technology/autopilot/ap_sysc -include etc/autopilot_ssdm_op.h -D__DSP48E1__ -o C:/Users/aeone/AppData/Roaming/Xilinx/Vivado/aes/solution1/.autopilot/db/aes_encrypt.pp.0.cpp
Command       clang done; 0.769 sec.
Execute       tidy_31 xilinx-xfmat-array-geometry C:/Users/aeone/AppData/Roaming/Xilinx/Vivado/aes/solution1/.autopilot/db/aes_encrypt.pp.0.cpp std=gnu++98 
INFO-FLOW: exec C:/Xilinx/Vivado/2018.3/win64/tools/clang-3.9-csynth/bin/tidy-3.1 -header-filter=.* -checks=-*,xilinx-xfmat-array-geometry -quiet -fix C:/Users/aeone/AppData/Roaming/Xilinx/Vivado/aes/solution1/.autopilot/db/aes_encrypt.pp.0.cpp -- -std=gnu++98 -fhls -ferror-limit=0
Command       tidy_31 done; 0.407 sec.
INFO-FLOW: Syntax Checking before pre-processing...
Execute       clang -syntaxcheck -src C:/Users/aeone/AppData/Roaming/Xilinx/Vivado/aes/solution1/.autopilot/db/aes_encrypt.pp.0.cpp  -fno-limit-debug-info -gcc-toolchain "C:/Xilinx/Vivado/2018.3/msys" -hls    -fno-math-errno -c -emit-llvm -O0  -mllvm -disable-llvm-optzns -fno-threadsafe-statics  -fno-use-cxa-atexit  -fno-threadsafe-statics -fno-use-cxa-atexit -D__CLANG_3_1__ -D__cdecl= -DAESL_SYN -D__SYNTHESIS__ -D__HLS_SYN__ -I "C:/Xilinx/Vivado/2018.3/common/technology/autopilot" -I "C:/Xilinx/Vivado/2018.3/common/technology/autopilot/ap_sysc" -include etc/autopilot_ssdm_op.h -D__DSP48E1__  "C:/Users/aeone/AppData/Roaming/Xilinx/Vivado/aes/solution1/.autopilot/db/aes_encrypt.pp.0.cpp"  -o "C:/Users/aeone/AppData/Roaming/Xilinx/Vivado/aes/solution1/.autopilot/db/useless.bc"  
INFO-FLOW: exec C:/Xilinx/Vivado/2018.3/win64/tools/clang/bin/clang -fno-limit-debug-info -gcc-toolchain C:/Xilinx/Vivado/2018.3/msys -hls -fno-math-errno -c -emit-llvm -O0 -mllvm -disable-llvm-optzns -fno-threadsafe-statics -fno-use-cxa-atexit -fno-threadsafe-statics -fno-use-cxa-atexit -D__CLANG_3_1__ -D__cdecl= -DAESL_SYN -D__SYNTHESIS__ -D__HLS_SYN__ -I C:/Xilinx/Vivado/2018.3/common/technology/autopilot -I C:/Xilinx/Vivado/2018.3/common/technology/autopilot/ap_sysc -include etc/autopilot_ssdm_op.h -D__DSP48E1__ C:/Users/aeone/AppData/Roaming/Xilinx/Vivado/aes/solution1/.autopilot/db/aes_encrypt.pp.0.cpp -o C:/Users/aeone/AppData/Roaming/Xilinx/Vivado/aes/solution1/.autopilot/db/useless.bc
Command       clang done; 0.989 sec.
INFO-FLOW: Done: GCC PP time: 2.2 seconds per iteration
Execute       list_core -type functional_unit 
Execute       tidy_31 xilinx-systemc-detector C:/Users/aeone/AppData/Roaming/Xilinx/Vivado/aes/solution1/.autopilot/db/aes_encrypt.pp.0.cpp std=gnu++98 -directive=C:/Users/aeone/AppData/Roaming/Xilinx/Vivado/aes/solution1/.autopilot/db/.systemc_flag 
INFO-FLOW: exec C:/Xilinx/Vivado/2018.3/win64/tools/clang-3.9-csynth/bin/tidy-3.1 -header-filter=.* -checks=-*,xilinx-systemc-detector -import-directive=C:/Users/aeone/AppData/Roaming/Xilinx/Vivado/aes/solution1/.autopilot/db/.systemc_flag -quiet -fix-errors C:/Users/aeone/AppData/Roaming/Xilinx/Vivado/aes/solution1/.autopilot/db/aes_encrypt.pp.0.cpp -- -std=gnu++98 -fhls -ferror-limit=0
Command       tidy_31 done; 0.373 sec.
INFO-FLOW: Running: tidy-3.1 CDT preprocess
Execute       tidy_31 xilinx-directive2pragma C:/Users/aeone/AppData/Roaming/Xilinx/Vivado/aes/solution1/.autopilot/db/aes_encrypt.pp.0.cpp std=gnu++98 -directive=C:/Users/aeone/AppData/Roaming/Xilinx/Vivado/aes/solution1/.autopilot/db/all.directive.json 
INFO-FLOW: exec C:/Xilinx/Vivado/2018.3/win64/tools/clang-3.9-csynth/bin/tidy-3.1 -header-filter=.* -checks=-*,xilinx-directive2pragma -import-directive=C:/Users/aeone/AppData/Roaming/Xilinx/Vivado/aes/solution1/.autopilot/db/all.directive.json -quiet -fix-errors C:/Users/aeone/AppData/Roaming/Xilinx/Vivado/aes/solution1/.autopilot/db/aes_encrypt.pp.0.cpp -- -std=gnu++98 -fhls -ferror-limit=0
Command       tidy_31 done; 0.351 sec.
Execute       get_config_dataflow -strict_mode 
Execute       ap_eval exec -ignorestderr C:/Xilinx/Vivado/2018.3/win64/tools/clang-3.9-csynth/bin/xilinx-dataflow-lawyer -export-fixes=C:/Users/aeone/AppData/Roaming/Xilinx/Vivado/aes/solution1/.autopilot/db/xilinx-dataflow-lawyer.aes_encrypt.pp.0.cpp.diag.yml C:/Users/aeone/AppData/Roaming/Xilinx/Vivado/aes/solution1/.autopilot/db/aes_encrypt.pp.0.cpp -- -std=gnu++98 -fhls -ferror-limit=0 -fstrict-dataflow > C:/Users/aeone/AppData/Roaming/Xilinx/Vivado/aes/solution1/.autopilot/db/xilinx-dataflow-lawyer.aes_encrypt.pp.0.cpp.out.log 2> C:/Users/aeone/AppData/Roaming/Xilinx/Vivado/aes/solution1/.autopilot/db/xilinx-dataflow-lawyer.aes_encrypt.pp.0.cpp.err.log 
Command       ap_eval done; 0.352 sec.
Execute       tidy_31 -errorcheck xilinx-constantarray-param,xilinx-resource-pragma-transformer,xilinx-xfmat-array-geometry C:/Users/aeone/AppData/Roaming/Xilinx/Vivado/aes/solution1/.autopilot/db/aes_encrypt.pp.0.cpp std=gnu++98 
Execute         ap_eval exec -ignorestderr C:/Xilinx/Vivado/2018.3/win64/tools/clang-3.9-csynth/bin/tidy-3.1 -export-fixes=C:/Users/aeone/AppData/Roaming/Xilinx/Vivado/aes/solution1/.autopilot/db/tidy-3.1.aes_encrypt.pp.0.cpp.diag.yml -header-filter=.* -checks=-*,xilinx-constantarray-param,xilinx-resource-pragma-transformer,xilinx-xfmat-array-geometry -quiet -fix-errors C:/Users/aeone/AppData/Roaming/Xilinx/Vivado/aes/solution1/.autopilot/db/aes_encrypt.pp.0.cpp -- -std=gnu++98 -fhls -ferror-limit=0 > C:/Users/aeone/AppData/Roaming/Xilinx/Vivado/aes/solution1/.autopilot/db/tidy-3.1.aes_encrypt.pp.0.cpp.out.log 2> C:/Users/aeone/AppData/Roaming/Xilinx/Vivado/aes/solution1/.autopilot/db/tidy-3.1.aes_encrypt.pp.0.cpp.err.log 
Command         ap_eval done; 0.762 sec.
Execute         ap_eval exec -ignorestderr C:/Xilinx/Vivado/2018.3/win64/tools/clang-3.9-csynth/bin/xilinx-legacy-rewriter C:/Users/aeone/AppData/Roaming/Xilinx/Vivado/aes/solution1/.autopilot/db/aes_encrypt.pp.0.cpp -- -std=gnu++98 -fhls -ferror-limit=0 > C:/Users/aeone/AppData/Roaming/Xilinx/Vivado/aes/solution1/.autopilot/db/xilinx-legacy-rewriter.aes_encrypt.pp.0.cpp.out.log 2> C:/Users/aeone/AppData/Roaming/Xilinx/Vivado/aes/solution1/.autopilot/db/xilinx-legacy-rewriter.aes_encrypt.pp.0.cpp.err.log 
Command         ap_eval done; 0.371 sec.
Command       tidy_31 done; 1.151 sec.
INFO-FLOW: Done: tidy-3.1 CDT preprocess time: 1.9 seconds per iteration
INFO-FLOW: Pragma Handling...
Execute       tidy_31 xilinx-ssdm-intrinsics-arguments C:/Users/aeone/AppData/Roaming/Xilinx/Vivado/aes/solution1/.autopilot/db/aes_encrypt.pragma.1.cpp std=gnu++98 
INFO-FLOW: exec C:/Xilinx/Vivado/2018.3/win64/tools/clang-3.9-csynth/bin/tidy-3.1 -header-filter=.* -checks=-*,xilinx-ssdm-intrinsics-arguments -quiet -fix-errors C:/Users/aeone/AppData/Roaming/Xilinx/Vivado/aes/solution1/.autopilot/db/aes_encrypt.pragma.1.cpp -- -std=gnu++98 -fhls -ferror-limit=0
Command       tidy_31 done; 0.792 sec.
Execute       get_default_platform 
INFO-FLOW: Processing labels
Execute       clang -src C:/Users/aeone/AppData/Roaming/Xilinx/Vivado/aes/solution1/.autopilot/db/aes_encrypt.pragma.2.cpp  -fno-limit-debug-info -gcc-toolchain C:/Xilinx/Vivado/2018.3/msys -hls -hls-analyze-label -hls-analyze-pragma -fno-exceptions  -D__llvm__  -w  "C:/Users/aeone/AppData/Roaming/Xilinx/Vivado/aes/solution1/.autopilot/db/aes_encrypt.pragma.2.cpp"    -fno-math-errno -c -emit-llvm -O0  -mllvm -disable-llvm-optzns -fno-threadsafe-statics  -fno-use-cxa-atexit -DAESL_SYN -D__SYNTHESIS__ -D__HLS_SYN__ -I "C:/Xilinx/Vivado/2018.3/common/technology/autopilot" -I "C:/Xilinx/Vivado/2018.3/common/technology/autopilot/ap_sysc" -include etc/autopilot_ssdm_op.h -D__DSP48E1__ -g -o "C:/Users/aeone/AppData/Roaming/Xilinx/Vivado/aes/solution1/.autopilot/db/aes_encrypt.bc" 
INFO-FLOW: exec C:/Xilinx/Vivado/2018.3/win64/tools/clang/bin/clang -fno-limit-debug-info -gcc-toolchain C:/Xilinx/Vivado/2018.3/msys -hls -hls-analyze-label -hls-analyze-pragma -fno-exceptions -D__llvm__ -w C:/Users/aeone/AppData/Roaming/Xilinx/Vivado/aes/solution1/.autopilot/db/aes_encrypt.pragma.2.cpp -fno-math-errno -c -emit-llvm -O0 -mllvm -disable-llvm-optzns -fno-threadsafe-statics -fno-use-cxa-atexit -DAESL_SYN -D__SYNTHESIS__ -D__HLS_SYN__ -I C:/Xilinx/Vivado/2018.3/common/technology/autopilot -I C:/Xilinx/Vivado/2018.3/common/technology/autopilot/ap_sysc -include etc/autopilot_ssdm_op.h -D__DSP48E1__ -g -o C:/Users/aeone/AppData/Roaming/Xilinx/Vivado/aes/solution1/.autopilot/db/aes_encrypt.bc
Command       clang done; 0.985 sec.
INFO-FLOW: Linking Debug ...
Execute       llvm-ld C:/Users/aeone/AppData/Roaming/Xilinx/Vivado/aes/solution1/.autopilot/db/aes_encrypt.g.bc -hls-opt -except-internalize aes_encrypt_top -LC:/Xilinx/Vivado/2018.3/win64/lib -lhlsm -lhlsmc++ -o C:/Users/aeone/AppData/Roaming/Xilinx/Vivado/aes/solution1/.autopilot/db/a.g 
Command       llvm-ld done; 1.411 sec.
INFO: [HLS 200-111] Finished Linking Time (s): cpu = 00:00:01 ; elapsed = 00:00:09 . Memory (MB): peak = 103.055 ; gain = 17.973
INFO: [HLS 200-111] Finished Checking Pragmas Time (s): cpu = 00:00:01 ; elapsed = 00:00:09 . Memory (MB): peak = 103.055 ; gain = 17.973
Execute       get_config_sdx -target 
Execute       opt_and_import_c a -opt_level=2 -skip_syncheck=0 -ng=0 -keep_printf=0 
Execute         cleanup_all_models 
INFO: [HLS 200-10] Starting code transformations ...
Execute         transform -promote-dbg-pointer C:/Users/aeone/AppData/Roaming/Xilinx/Vivado/aes/solution1/.autopilot/db/a.pp.bc -o C:/Users/aeone/AppData/Roaming/Xilinx/Vivado/aes/solution1/.autopilot/db/a.pp.0.bc -f 
Execute         llvm-ld C:/Users/aeone/AppData/Roaming/Xilinx/Vivado/aes/solution1/.autopilot/db/a.pp.0.bc -disable-opt -LC:/Xilinx/Vivado/2018.3/win64/lib -lfloatconversion -o C:/Users/aeone/AppData/Roaming/Xilinx/Vivado/aes/solution1/.autopilot/db/a.g.0 
Command         llvm-ld done; 0.422 sec.
INFO-FLOW: Running Standard Transforms...
Execute         transform -hls -share-std-xform -demangle-name -inline-byval-memcpy -always-inline -promote-dbg-pointer -interface-preproc -mem2reg -lower-blackbox -scalarrepl -mem2reg -keep-read-access -instcombine -dce -promote-dbg-pointer -bitop-raise -loop-simplify -indvarspre -indvars -loop-simplify -xunroll -constprop -instcombine -simplifycfg -indvars -simplifycfg -dce -globaldce -basicaa -simplifycfg -mem2reg -globalopt -global-constprop -deadargelim -instcombine -simplifycfg -prune-eh -simplifycfg -scalarrepl -instcombine -reassociate -licm -simplifycfg -loop-simplify -indvars -instcombine -simplifycfg -mem2reg -loop-simplify -indvars -instcombine -gvn -gvn -instcombine -adce -break-crit-edges -simplifycfg -loop-delete -global-array-opt -dce -dse -adce -find-syn-modules -top aes_encrypt_top -deadargelim -mem2reg -instcombine -dce -presyn-prepare -auto-rom-infer -interface-preproc -syn-check -check-rec-only -find-region -simplifycfg -func-extr -function-inline -globaldce -mem2reg -instcombine -dce -gvn -globaldce -adce -adse -constprop -instcombine -bit-constprop -instcombine -dce -simplifycfg -bitop-raise -simplifycfg -dce -loop-delete -reassociate -globalopt -global-privatize -mem2reg -dce -global-constprop -pointer-simplify -constprop -dce -func-inst -deadargelim -auto-shift-reg-idiom -promote-dbg-pointer -norm-name C:/Users/aeone/AppData/Roaming/Xilinx/Vivado/aes/solution1/.autopilot/db/a.g.0.bc -o C:/Users/aeone/AppData/Roaming/Xilinx/Vivado/aes/solution1/.autopilot/db/a.g.1.bc -f -phase std-opt 
INFO: [XFORM 203-603] Inlining function 'KeyExpansion' into 'aes_encrypt_top' (aes/aes_encrypt.cpp:209).
INFO: [XFORM 203-603] Inlining function 'AddRoundKey' into 'AES_encrypt' (aes/aes_encrypt.cpp:186).
INFO: [XFORM 203-603] Inlining function 'AddRoundKey' into 'AES_encrypt' (aes/aes_encrypt.cpp:181).
INFO: [XFORM 203-603] Inlining function 'AddRoundKey' into 'AES_encrypt' (aes/aes_encrypt.cpp:174).
INFO: [XFORM 203-603] Inlining function 'SubBytes' into 'AES_encrypt' (aes/aes_encrypt.cpp:184).
INFO: [XFORM 203-603] Inlining function 'SubBytes' into 'AES_encrypt' (aes/aes_encrypt.cpp:178).
INFO: [XFORM 203-603] Inlining function 'ShiftRows' into 'AES_encrypt' (aes/aes_encrypt.cpp:185).
INFO: [XFORM 203-603] Inlining function 'ShiftRows' into 'AES_encrypt' (aes/aes_encrypt.cpp:179).
INFO: [XFORM 203-603] Inlining function 'MixColumns' into 'AES_encrypt' (aes/aes_encrypt.cpp:180).
INFO: [XFORM 203-603] Inlining function 'AES_encrypt' into 'aes_encrypt_top' (aes/aes_encrypt.cpp:219).
Command         transform done; 0.21 sec.
INFO: [HLS 200-111] Finished Standard Transforms Time (s): cpu = 00:00:01 ; elapsed = 00:00:09 . Memory (MB): peak = 109.578 ; gain = 24.496
INFO: [HLS 200-10] Checking synthesizability ...
INFO-FLOW: Checking Synthesizability 1/2..
Execute         transform -hls -syn-check -check-rec-only -disaggr -scalarrepl -norm-name -dce -mem2reg -instcombine -function-uniquify -directive-preproc -mem2reg -dse -dce -auto-rom-infer -dce -pag -array-normalize -instcombine -dce -warn-fifo-pointer -array-seg-normalize -instcombine -dce -array-flatten -instcombine -dce -array-burst -dce -deadargelim -promote-global-argument -simplifycfg -mem2reg -globaldce -resolve-double-ptr -dce -deadargelim -dce -instcombine -function-inline -globaldce -dce -doublePtrSimplify -doublePtrElim -dce -doublePtrSimplify -promote-dbg-pointer -dce -scalarrepl -dse -adse -instcombine -ptrLegalization -simplifycfg -dce -instcombine -pointer-simplify -ptrArgReplace -dce -instcombine -disaggr -scalarrepl -norm-name -dce -mem2reg -instcombine -ptrLegalization -simplifycfg -deadargelim -instcombine -dce -inst-simplify -function-uniquify -directive-preproc -mem2reg -dse -dce -globaldce -check-dspbuiltin C:/Users/aeone/AppData/Roaming/Xilinx/Vivado/aes/solution1/.autopilot/db/a.g.1.bc -o C:/Users/aeone/AppData/Roaming/Xilinx/Vivado/aes/solution1/.autopilot/db/a.g.2.prechk.bc -f 
INFO: [XFORM 203-602] Inlining function 'xtime' into 'aes_encrypt_top' (aes/aes_encrypt.cpp:137->aes/aes_encrypt.cpp:180->aes/aes_encrypt.cpp:219) automatically.
Command         transform done; 0.143 sec.
INFO-FLOW: Checking Synthesizability 2/2..
Execute         transform -syn-check C:/Users/aeone/AppData/Roaming/Xilinx/Vivado/aes/solution1/.autopilot/db/a.g.2.prechk.bc -o C:/Users/aeone/AppData/Roaming/Xilinx/Vivado/aes/solution1/.autopilot/db/a.g.2.bc -f -phase syn-check 
INFO: [HLS 200-111] Finished Checking Synthesizability Time (s): cpu = 00:00:01 ; elapsed = 00:00:09 . Memory (MB): peak = 112.273 ; gain = 27.191
INFO-FLOW: Compiler optimizing ...
INFO-FLOW: Share syncheck's 1.bc for syn flow: copy C:/Users/aeone/AppData/Roaming/Xilinx/Vivado/aes/solution1/.autopilot/db/a.g.1.bc to C:/Users/aeone/AppData/Roaming/Xilinx/Vivado/aes/solution1/.autopilot/db/a.o.1.bc
INFO-FLOW: Presyn 1...
Execute         transform -hls -tmp C:/Users/aeone/AppData/Roaming/Xilinx/Vivado/aes/solution1/.autopilot/db -interface-port-rename -type-info -function-uniquify -directive-preproc -mem2reg -dse -dce -disaggr -scalarrepl -norm-name -deadargelim -mem2reg -instcombine -dce -simplifycfg -auto-rom-infer -dce -function-uniquify -resource-proc -simplifycfg -mem2reg -globaldce -resolve-double-ptr -dce -deadargelim -dce -instcombine -clib-intrinsic-prepare -dce -func-buffer -dce -pag -array-normalize -func-legal -instcombine -gvn -constprop -dce -ptrArgReplace -mem2reg -instcombine -dce -array-seg-normalize -deadargelim -instcombine -dce -pointer-simplify -dce -port-alignment -dce -interface-preproc -data-pack -instcombine -dce -basicaa -aggr-aa -aggrmodref-aa -aggr-aa -gvn -gvn -basicaa -aggr-aa -aggrmodref-aa -aggr-aa -dse -adse -adce -loop-simplify -indvars -instcombine -gvn -loop-simplify -mem2reg -dce -find-region -instcombine -auto-loop-pipeline -inst-simplify -interface-preproc -cfgopt -instcombine -indvars -auto-loop-unroll -loop-simplify -loop-bound -xunroll -constprop -instcombine -simplifycfg -indvars -simplifycfg -dce -globaldce -clean-region -attach-range -gvn -inst-simplify -constprop -simplifycfg -dce -pointer-simplify -dce -globalopt -constprop -dce -array-promote -constprop -instcombine -dce -ptrArgReplace -mem2reg -instcombine -simplifycfg -dce -auto-par -instcombine -dce -array-transform-check -array-reshape -instcombine -simplifycfg -dce -ptrArgReplace -deadargelim -mem2reg -instcombine -simplifycfg -dce -indvars -loop-simplify -loop-bound -xunroll -constprop -instcombine -simplifycfg -indvars -simplifycfg -dce -globaldce -basicaa -aggr-aa -aggrmodref-aa -aggr-aa -dse -duplicate-dataflow-processes -globaldce -instcombine -array-partition -instcombine -simplifycfg -dce -ptrArgReplace -global-constprop -deadargelim -mem2reg -func-legal -instcombine -dce -global-constprop -deadargelim -mem2reg -instcombine -simplifycfg -dce -merge-param -deadargelim -globalopt -constprop -dce -array-promote -constprop -instcombine -dce -ptrArgReplace -mem2reg -instcombine -simplifycfg -dce -mem-intrinsic-preproc -dce -global-internalize -global-privatize -mem2reg -globaldce -promote-global-argument -ptrArgReplace -mem2reg -instcombine -dce -globalopt -mergereturn -simplify-global-access -mem2reg -dce -pointer-simplify -dce -functionattrs -basicaa -aggr-aa -aggrmodref-aa -aggr-aa -gvn -gvn -basicaa -aggr-aa -aggrmodref-aa -aggr-aa -dse -adse -adce -inst-simplify -dce -norm-name -function-inline -globaldce -func-inst -constprop -instcombine -simplifycfg -dce -func-legal -dce -loop-bound -arraycheck -bitwidthmin -on-by-dataflow -loop-delete -instcombine -simplifycfg -globaldce -dce -gvn -deadargelim -dce -loop-simplify -clean-region -simplifycfg -propagate-stable-arguments -loop-stream -instcombine -simplifycfg -dce -globaldce -duplicate-dataflow-processes -stream-intrinsic-preproc -dce -check-ap-stream -loop-simplify -eliminate-keepreads -extract-dataflow-in-loop -loop-simplify -dce -gvn -deadargelim -dse -check-dataflow-syntax -legalize-stream-variable -legalize-global -extract-subproc -dce -dead-channel-elimination -canonicalize-gep -globaldce -dce -gvn -deadargelim -annotate-dataflow-channels -scalar-propagation -deadargelim -globaldce -mem2reg -check-dataflow-channels -function-stream -dce -globaldce -prop-fifo-spec -internal-stream-gen -canonicalize-gep -globaldce -dce -gvn -deadargelim -mergereturn -indvars -loop-simplify -instcombine -array-stream -array-seg-normalize -array-partition -func-legal -instcombine -simplifycfg -dce -bundle-memfifo-ops -deadargelim -function-uniquify -directive-preproc -mem2reg -dse -dce -group-axi-access -licm -simplifycfg -dce -loop-delete -norm-name C:/Users/aeone/AppData/Roaming/Xilinx/Vivado/aes/solution1/.autopilot/db/a.o.1.bc -o C:/Users/aeone/AppData/Roaming/Xilinx/Vivado/aes/solution1/.autopilot/db/a.o.1.tmp.bc -f 
INFO: [XFORM 203-502] Unrolling all sub-loops inside loop 'Loop-6' (aes/aes_encrypt.cpp:176) in function 'aes_encrypt_top' for pipelining.
INFO: [HLS 200-489] Unrolling loop 'Loop-1' (aes/aes_encrypt.cpp:67) in function 'aes_encrypt_top' completely with a factor of 16.
INFO: [HLS 200-489] Unrolling loop 'Loop-2' (aes/aes_encrypt.cpp:72) in function 'aes_encrypt_top' completely with a factor of 40.
INFO: [HLS 200-489] Unrolling loop 'Loop-2.1' (aes/aes_encrypt.cpp:75) in function 'aes_encrypt_top' completely with a factor of 4.
INFO: [HLS 200-489] Unrolling loop 'Loop-2.2' (aes/aes_encrypt.cpp:88) in function 'aes_encrypt_top' completely with a factor of 4.
INFO: [HLS 200-489] Unrolling loop 'Loop-4' (aes/aes_encrypt.cpp:169) in function 'aes_encrypt_top' completely with a factor of 16.
INFO: [HLS 200-489] Unrolling loop 'Loop-5' (aes/aes_encrypt.cpp:152) in function 'aes_encrypt_top' completely with a factor of 4.
INFO: [HLS 200-489] Unrolling loop 'Loop-5.1' (aes/aes_encrypt.cpp:154) in function 'aes_encrypt_top' completely with a factor of 4.
INFO: [HLS 200-489] Unrolling loop 'Loop-6.1' (aes/aes_encrypt.cpp:97) in function 'aes_encrypt_top' completely with a factor of 4.
INFO: [HLS 200-489] Unrolling loop 'Loop-6.1.1' (aes/aes_encrypt.cpp:99) in function 'aes_encrypt_top' completely with a factor of 4.
INFO: [HLS 200-489] Unrolling loop 'Loop-6.2' (aes/aes_encrypt.cpp:132) in function 'aes_encrypt_top' completely with a factor of 4.
INFO: [HLS 200-489] Unrolling loop 'Loop-6.3' (aes/aes_encrypt.cpp:152) in function 'aes_encrypt_top' completely with a factor of 4.
INFO: [HLS 200-489] Unrolling loop 'Loop-6.3.1' (aes/aes_encrypt.cpp:154) in function 'aes_encrypt_top' completely with a factor of 4.
INFO: [HLS 200-489] Unrolling loop 'Loop-7' (aes/aes_encrypt.cpp:97) in function 'aes_encrypt_top' completely with a factor of 4.
INFO: [HLS 200-489] Unrolling loop 'Loop-7.1' (aes/aes_encrypt.cpp:99) in function 'aes_encrypt_top' completely with a factor of 4.
INFO: [HLS 200-489] Unrolling loop 'Loop-8' (aes/aes_encrypt.cpp:152) in function 'aes_encrypt_top' completely with a factor of 4.
INFO: [HLS 200-489] Unrolling loop 'Loop-8.1' (aes/aes_encrypt.cpp:154) in function 'aes_encrypt_top' completely with a factor of 4.
INFO: [HLS 200-489] Unrolling loop 'Loop-9' (aes/aes_encrypt.cpp:188) in function 'aes_encrypt_top' completely with a factor of 16.
INFO: [XFORM 203-102] Partitioning array 'temp.V.6' (aes/aes_encrypt.cpp:74) automatically.
INFO: [XFORM 203-101] Partitioning array 'roundKeys.V' (aes/aes_encrypt.cpp:202) in dimension 1 with a cyclic factor 16.
INFO: [XFORM 203-101] Partitioning array 'sboxSub.V'  in dimension 1 with a cyclic factor 2.
INFO: [XFORM 203-101] Partitioning array 'state.V' (aes/aes_encrypt.cpp:163) in dimension 1 completely.
INFO: [XFORM 203-101] Partitioning array 'state.V' (aes/aes_encrypt.cpp:163) in dimension 2 completely.
INFO: [XFORM 203-602] Inlining function 'xtime' into 'aes_encrypt_top' (aes/aes_encrypt.cpp:137->aes/aes_encrypt.cpp:180->aes/aes_encrypt.cpp:219) automatically.
Command         transform done; 0.789 sec.
INFO-FLOW: Presyn 2...
Execute         transform -hls -keep-callgraph -scalarrepl -mem2reg -port-alignment -attach-range -dce -pipe-mux-gen -indvars -loop-bound -inst-simplify -instcombine -dce -merge-array-access -mem2reg -dce -clean-region -mergereturn -if-conv -instcombine -dce -constprop -basicaa -aggr-aa -aggrmodref-aa -aggr-aa -gvn -gvn -basicaa -aggr-aa -aggrmodref-aa -aggr-aa -dse -adse -adce -scalarrepl -mem2reg -global-constprop -deadargelim -deadargelim -instcombine -dce -simplifycfg -ptrArgReplace -mem2reg -function-inline -globaldce -mem2reg -instcombine -dce -expr-balance -instcombine -dce -bitwidthmin -interface-preproc -directive-preproc -inst-rectify -instcombine -dce -functionattrs -constprop -instcombine -bit-constprop -simplify-global-access -globalopt -globaldce -inst-simplify -instcombine -elimdeaddata -dce -loop-delete -simplifycfg -loop-simplify -auto-burst -norm-name C:/Users/aeone/AppData/Roaming/Xilinx/Vivado/aes/solution1/.autopilot/db/a.o.1.tmp.bc -o C:/Users/aeone/AppData/Roaming/Xilinx/Vivado/aes/solution1/.autopilot/db/a.o.2.bc -f -phase presyn 
INFO: [XFORM 203-401] Performing if-conversion on hyperblock from (aes/aes_encrypt.cpp:176:47) to (aes/aes_encrypt.cpp:176:37) in function 'aes_encrypt_top'... converting 49 basic blocks.
INFO: [XFORM 203-401] Performing if-conversion on hyperblock from (aes/aes_encrypt.cpp:101:24) to (aes/aes_encrypt.cpp:222:19) in function 'aes_encrypt_top'... converting 49 basic blocks.
INFO: [XFORM 203-11] Balancing expressions in function 'aes_encrypt_top' (aes/aes_encrypt.cpp:194)...72 expression(s) balanced.
Command         transform done; 0.169 sec.
INFO: [HLS 200-111] Finished Pre-synthesis Time (s): cpu = 00:00:02 ; elapsed = 00:00:10 . Memory (MB): peak = 139.137 ; gain = 54.055
INFO-FLOW: Building ssdm...
Execute         transform -hls -function-uniquify -auto-function-inline -globaldce -ptrArgReplace -mem2reg -instcombine -dce -reset-lda -loop-simplify -indvars -licm -loop-dep -loop-bound -licm -loop-simplify -flattenloopnest -array-flatten -gvn -instcombine -dce -array-map -dce -func-legal -gvn -adce -instcombine -cfgopt -simplifycfg -loop-simplify -array-burst -promote-global-argument -dce -axi4-lower -array-seg-normalize -basicaa -aggrmodref-aa -globalsmodref-aa -aggr-aa -gvn -gvn -basicaa -aggrmodref-aa -globalsmodref-aa -aggr-aa -dse -adse -adce -licm -inst-simplify -dce -globaldce -instcombine -array-stream -eliminate-keepreads -instcombine -dce -deadargelim -doublePtrSimplify -doublePtrElim -dce -doublePtrSimplify -promote-dbg-pointer -dce -scalarrepl -mem2reg -disaggr -norm-name -mem2reg -instcombine -dse -adse -adce -ptrLegalization -dce -auto-rom-infer -array-flatten -dce -instcombine -check-doubleptr -loop-rot -constprop -cfgopt -simplifycfg -loop-simplify -indvars -pointer-simplify -dce -loop-bound -loop-simplify -loop-preproc -constprop -global-constprop -gvn -mem2reg -instcombine -dce -loop-bound -loop-merge -dce -bitwidthmin -deadargelim -dce -canonicalize-dataflow -dce -scalar-propagation -deadargelim -globaldce -mem2reg -read-loop-dep -interface-preproc -directive-preproc -interface-gen -bram-byte-enable -deadargelim -inst-simplify -dce -gvn -mem2reg -instcombine -dce -adse -loop-bound -instcombine -cfgopt -simplifycfg -loop-simplify -clean-region -io-protocol -find-region -mem2reg -bitop-raise -inst-simplify -inst-rectify -instcombine -adce -deadargelim -loop-simplify -phi-opt -bitop-raise -cfgopt -simplifycfg -strip-dead-prototypes -interface-lower -bitop-lower -intrinsic-lower -auto-function-inline -basicaa -aggrmodref-aa -globalsmodref-aa -aggr-aa -inst-simplify -simplifycfg -loop-simplify -mergereturn -inst-simplify -inst-rectify -dce -load-elim -bitop-lower -loop-rewind -pointer-simplify -dce -cfgopt -dce -bitwidth -loop-bound -loop-dep -read-loop-dep -dce -check-stream -norm-name -legalize -validate-dataflow -inst-clarity -cdfg-build C:/Users/aeone/AppData/Roaming/Xilinx/Vivado/aes/solution1/.autopilot/db/a.o.2.bc -o C:/Users/aeone/AppData/Roaming/Xilinx/Vivado/aes/solution1/.autopilot/db/a.o.3.bc -f -phase build-ssdm 
Command         transform done; 0.454 sec.
INFO: [HLS 200-111] Finished Architecture Synthesis Time (s): cpu = 00:00:02 ; elapsed = 00:00:11 . Memory (MB): peak = 139.137 ; gain = 54.055
INFO-FLOW: Finish building internal data model.
Command       opt_and_import_c done; 2.285 sec.
Command     elaborate done; 10.024 sec.
Execute     autosyn -from_csynth_design=1 
INFO: [HLS 200-10] Starting hardware synthesis ...
INFO-FLOW: Synthesizing C/C++ design ...
INFO: [HLS 200-10] Synthesizing 'aes_encrypt_top' ...
Execute       ap_set_top_model aes_encrypt_top 
Execute       get_model_list aes_encrypt_top -filter all-wo-channel -topdown 
Execute       preproc_iomode -model aes_encrypt_top 
Execute       get_model_list aes_encrypt_top -filter all-wo-channel 
INFO-FLOW: Model list for configure: aes_encrypt_top
INFO-FLOW: Configuring Module : aes_encrypt_top ...
Execute       set_default_model aes_encrypt_top 
Execute       apply_spec_resource_limit aes_encrypt_top 
INFO-FLOW: Model list for preprocess: aes_encrypt_top
INFO-FLOW: Preprocessing Module: aes_encrypt_top ...
Execute       set_default_model aes_encrypt_top 
Execute       cdfg_preprocess -model aes_encrypt_top 
Execute       rtl_gen_preprocess aes_encrypt_top 
INFO-FLOW: Model list for synthesis: aes_encrypt_top
INFO: [HLS 200-10] ----------------------------------------------------------------
INFO: [HLS 200-42] -- Implementing module 'aes_encrypt_top' 
INFO: [HLS 200-10] ----------------------------------------------------------------
Execute       set_default_model aes_encrypt_top 
Execute       schedule -model aes_encrypt_top 
INFO: [SCHED 204-11] Starting scheduling ...
INFO: [SCHED 204-61] Pipelining loop 'Loop 1'.
INFO: [SCHED 204-61] Pipelining result : Target II = 1, Final II = 1, Depth = 1.
INFO: [SCHED 204-61] Pipelining loop 'Loop 2'.
WARNING: [SCHED 204-69] Unable to schedule 'load' operation ('sboxSub_V_1_load_13', aes/aes_encrypt.cpp:101->aes/aes_encrypt.cpp:178->aes/aes_encrypt.cpp:219) on array 'sboxSub_V_1' due to limited memory ports. Please consider using a memory core with more ports or partitioning the array 'sboxSub_V_1'.
INFO: [SCHED 204-61] Pipelining result : Target II = 2, Final II = 5, Depth = 5.
INFO: [SCHED 204-61] Pipelining loop 'Loop 3'.
INFO: [SCHED 204-61] Pipelining result : Target II = 1, Final II = 1, Depth = 3.
INFO: [SCHED 204-11] Finished scheduling.
Command       schedule done; 0.758 sec.
INFO: [HLS 200-111]  Elapsed time: 11.647 seconds; current allocated memory: 98.533 MB.
Execute       report -o C:/Users/aeone/AppData/Roaming/Xilinx/Vivado/aes/solution1/.autopilot/db/aes_encrypt_top.verbose.sched.rpt -verbose -f 
Command       report done; 0.302 sec.
Execute       db_write -o C:/Users/aeone/AppData/Roaming/Xilinx/Vivado/aes/solution1/.autopilot/db/aes_encrypt_top.sched.adb -f 
Command       db_write done; 0.145 sec.
INFO-FLOW: Finish scheduling aes_encrypt_top.
Execute       set_default_model aes_encrypt_top 
Execute       bind -model aes_encrypt_top 
BIND OPTION: fu_weight=[ 0.0 -- 1.0 ]
BIND OPTION: model=aes_encrypt_top
BIND OPTION: reg_weight=[ 0.0 -- 1.0 ]
INFO: [BIND 205-100] Starting micro-architecture generation ...
INFO: [BIND 205-101] Performing variable lifetime analysis.
INFO: [BIND 205-101] Exploring resource sharing.
INFO: [BIND 205-101] Binding ...
INFO: [BIND 205-100] Finished micro-architecture generation.
Command       bind done; 0.278 sec.
INFO: [HLS 200-111]  Elapsed time: 0.738 seconds; current allocated memory: 102.540 MB.
Execute       report -o C:/Users/aeone/AppData/Roaming/Xilinx/Vivado/aes/solution1/.autopilot/db/aes_encrypt_top.verbose.bind.rpt -verbose -f 
Command       report done; 0.552 sec.
Execute       db_write -o C:/Users/aeone/AppData/Roaming/Xilinx/Vivado/aes/solution1/.autopilot/db/aes_encrypt_top.bind.adb -f 
Command       db_write done; 0.171 sec.
INFO-FLOW: Finish binding aes_encrypt_top.
Execute       get_model_list aes_encrypt_top -filter all-wo-channel 
INFO-FLOW: Preprocessing for RTLGen ...
Execute       rtl_gen_preprocess aes_encrypt_top 
INFO-FLOW: Model list for RTL generation: aes_encrypt_top
INFO: [HLS 200-10] ----------------------------------------------------------------
INFO: [HLS 200-10] -- Generating RTL for module 'aes_encrypt_top' 
INFO: [HLS 200-10] ----------------------------------------------------------------
Execute       get_config_rtl -prefix 
Execute       get_config_rtl -auto_prefix 
Execute       create_rtl_model aes_encrypt_top -vendor xilinx -mg_file C:/Users/aeone/AppData/Roaming/Xilinx/Vivado/aes/solution1/.autopilot/db/aes_encrypt_top.compgen.tcl 
INFO: [RTGEN 206-500] Setting interface mode on port 'aes_encrypt_top/inStream_V_data_V' to 'axis' (register, both mode).
INFO: [RTGEN 206-500] Setting interface mode on port 'aes_encrypt_top/inStream_V_keep_V' to 'axis' (register, both mode).
INFO: [RTGEN 206-500] Setting interface mode on port 'aes_encrypt_top/inStream_V_strb_V' to 'axis' (register, both mode).
INFO: [RTGEN 206-500] Setting interface mode on port 'aes_encrypt_top/inStream_V_last_V' to 'axis' (register, both mode).
INFO: [RTGEN 206-500] Setting interface mode on port 'aes_encrypt_top/outStream_V_data_V' to 'axis' (register, both mode).
INFO: [RTGEN 206-500] Setting interface mode on port 'aes_encrypt_top/outStream_V_keep_V' to 'axis' (register, both mode).
INFO: [RTGEN 206-500] Setting interface mode on port 'aes_encrypt_top/outStream_V_strb_V' to 'axis' (register, both mode).
INFO: [RTGEN 206-500] Setting interface mode on port 'aes_encrypt_top/outStream_V_last_V' to 'axis' (register, both mode).
INFO: [RTGEN 206-500] Setting interface mode on port 'aes_encrypt_top/key_V' to 's_axilite & ap_memory'.
INFO: [RTGEN 206-500] Setting interface mode on function 'aes_encrypt_top' to 's_axilite & ap_ctrl_hs'.
INFO: [SYN 201-210] Renamed object name 'aes_encrypt_top_sboxExp_V' to 'aes_encrypt_top_sbkb' due to the length limit 20
INFO: [SYN 201-210] Renamed object name 'aes_encrypt_top_sboxSub_V_1' to 'aes_encrypt_top_scud' due to the length limit 20
INFO: [SYN 201-210] Renamed object name 'aes_encrypt_top_sboxSub_V_0' to 'aes_encrypt_top_sdEe' due to the length limit 20
INFO: [RTGEN 206-100] Bundling port 'return' and 'key_V' to AXI-Lite port AXILiteS.
INFO: [SYN 201-210] Renamed object name 'aes_encrypt_top_input_V' to 'aes_encrypt_top_ieOg' due to the length limit 20
INFO: [SYN 201-210] Renamed object name 'aes_encrypt_top_output' to 'aes_encrypt_top_ofYi' due to the length limit 20
INFO: [SYN 201-210] Renamed object name 'aes_encrypt_top_roundKeys_0_V' to 'aes_encrypt_top_rg8j' due to the length limit 20
INFO: [SYN 201-210] Renamed object name 'aes_encrypt_top_roundKeys_1_V' to 'aes_encrypt_top_rhbi' due to the length limit 20
INFO: [SYN 201-210] Renamed object name 'aes_encrypt_top_roundKeys_2_V' to 'aes_encrypt_top_ribs' due to the length limit 20
INFO: [SYN 201-210] Renamed object name 'aes_encrypt_top_roundKeys_3_V' to 'aes_encrypt_top_rjbC' due to the length limit 20
INFO: [SYN 201-210] Renamed object name 'aes_encrypt_top_roundKeys_4_V' to 'aes_encrypt_top_rkbM' due to the length limit 20
INFO: [SYN 201-210] Renamed object name 'aes_encrypt_top_roundKeys_5_V' to 'aes_encrypt_top_rlbW' due to the length limit 20
INFO: [SYN 201-210] Renamed object name 'aes_encrypt_top_roundKeys_6_V' to 'aes_encrypt_top_rmb6' due to the length limit 20
INFO: [SYN 201-210] Renamed object name 'aes_encrypt_top_roundKeys_7_V' to 'aes_encrypt_top_rncg' due to the length limit 20
INFO: [SYN 201-210] Renamed object name 'aes_encrypt_top_roundKeys_8_V' to 'aes_encrypt_top_rocq' due to the length limit 20
INFO: [SYN 201-210] Renamed object name 'aes_encrypt_top_roundKeys_9_V' to 'aes_encrypt_top_rpcA' due to the length limit 20
INFO: [SYN 201-210] Renamed object name 'aes_encrypt_top_roundKeys_10_V' to 'aes_encrypt_top_rqcK' due to the length limit 20
INFO: [SYN 201-210] Renamed object name 'aes_encrypt_top_roundKeys_11_V' to 'aes_encrypt_top_rrcU' due to the length limit 20
INFO: [SYN 201-210] Renamed object name 'aes_encrypt_top_roundKeys_12_V' to 'aes_encrypt_top_rsc4' due to the length limit 20
INFO: [SYN 201-210] Renamed object name 'aes_encrypt_top_roundKeys_13_V' to 'aes_encrypt_top_rtde' due to the length limit 20
INFO: [SYN 201-210] Renamed object name 'aes_encrypt_top_roundKeys_14_V' to 'aes_encrypt_top_rudo' due to the length limit 20
INFO: [SYN 201-210] Renamed object name 'aes_encrypt_top_roundKeys_15_V' to 'aes_encrypt_top_rvdy' due to the length limit 20
INFO: [RTGEN 206-100] Finished creating RTL model for 'aes_encrypt_top'.
Command       create_rtl_model done; 0.563 sec.
INFO: [HLS 200-111]  Elapsed time: 1.333 seconds; current allocated memory: 109.400 MB.
Execute       source C:/Users/aeone/AppData/Roaming/Xilinx/Vivado/aes/solution1/.autopilot/db/aes_encrypt_top.rtl_wrap.cfg.tcl 
Execute       gen_rtl aes_encrypt_top -istop -style xilinx -tracefl mytrace -tracefmt vcd -traceopt all -f -lang sc -o C:/Users/aeone/AppData/Roaming/Xilinx/Vivado/aes/solution1/syn/systemc/aes_encrypt_top -synmodules aes_encrypt_top 
Execute       gen_rtl aes_encrypt_top -istop -style xilinx -f -lang vhdl -o C:/Users/aeone/AppData/Roaming/Xilinx/Vivado/aes/solution1/syn/vhdl/aes_encrypt_top 
Command       gen_rtl done; 0.217 sec.
Execute       gen_rtl aes_encrypt_top -istop -style xilinx -f -lang vlog -o C:/Users/aeone/AppData/Roaming/Xilinx/Vivado/aes/solution1/syn/verilog/aes_encrypt_top 
Command       gen_rtl done; 0.114 sec.
Execute       export_constraint_db -o C:/Users/aeone/AppData/Roaming/Xilinx/Vivado/aes/solution1/.autopilot/db/aes_encrypt_top.constraint.tcl -f -tool general 
Execute       report -model aes_encrypt_top -o C:/Users/aeone/AppData/Roaming/Xilinx/Vivado/aes/solution1/.autopilot/db/aes_encrypt_top.design.xml -verbose -f -dv 
Command       report done; 0.208 sec.
Execute       report -model aes_encrypt_top -o C:/Users/aeone/AppData/Roaming/Xilinx/Vivado/aes/solution1/.autopilot/db/aes_encrypt_top.sdaccel.xml -verbose -f -sdaccel 
Command       report done; 0.324 sec.
Execute       gen_tb_info aes_encrypt_top -o C:/Users/aeone/AppData/Roaming/Xilinx/Vivado/aes/solution1/.autopilot/db/aes_encrypt_top -p C:/Users/aeone/AppData/Roaming/Xilinx/Vivado/aes/solution1/.autopilot/db 
Execute       report -model aes_encrypt_top -o C:/Users/aeone/AppData/Roaming/Xilinx/Vivado/aes/solution1/syn/report/aes_encrypt_top_csynth.rpt -f 
Command       report done; 0.115 sec.
Execute       report -model aes_encrypt_top -o C:/Users/aeone/AppData/Roaming/Xilinx/Vivado/aes/solution1/syn/report/aes_encrypt_top_csynth.xml -f -x 
Command       report done; 0.102 sec.
Execute       report -model aes_encrypt_top -o C:/Users/aeone/AppData/Roaming/Xilinx/Vivado/aes/solution1/.autopilot/db/aes_encrypt_top.verbose.rpt -verbose -f 
Command       report done; 0.663 sec.
Execute       db_write -model aes_encrypt_top -o C:/Users/aeone/AppData/Roaming/Xilinx/Vivado/aes/solution1/.autopilot/db/aes_encrypt_top.adb -f 
Command       db_write done; 0.371 sec.
Execute       sc_get_clocks aes_encrypt_top 
Execute       get_config_export -vivado_clock 
Execute       sc_get_portdomain aes_encrypt_top 
INFO-FLOW: Model list for RTL component generation: aes_encrypt_top
INFO-FLOW: Handling components in module [aes_encrypt_top] ... 
Execute       source C:/Users/aeone/AppData/Roaming/Xilinx/Vivado/aes/solution1/.autopilot/db/aes_encrypt_top.compgen.tcl 
INFO-FLOW: Found component aes_encrypt_top_sbkb.
INFO-FLOW: Append model aes_encrypt_top_sbkb
INFO-FLOW: Found component aes_encrypt_top_scud.
INFO-FLOW: Append model aes_encrypt_top_scud
INFO-FLOW: Found component aes_encrypt_top_sdEe.
INFO-FLOW: Append model aes_encrypt_top_sdEe
INFO-FLOW: Found component aes_encrypt_top_ieOg.
INFO-FLOW: Append model aes_encrypt_top_ieOg
INFO-FLOW: Found component aes_encrypt_top_ofYi.
INFO-FLOW: Append model aes_encrypt_top_ofYi
INFO-FLOW: Found component aes_encrypt_top_rg8j.
INFO-FLOW: Append model aes_encrypt_top_rg8j
INFO-FLOW: Found component aes_encrypt_top_AXILiteS_s_axi.
INFO-FLOW: Append model aes_encrypt_top_AXILiteS_s_axi
INFO-FLOW: Append model aes_encrypt_top
INFO-FLOW: Generating RTL model list ...
INFO-FLOW: All models in this session: aes_encrypt_top_sbkb aes_encrypt_top_scud aes_encrypt_top_sdEe aes_encrypt_top_ieOg aes_encrypt_top_ofYi aes_encrypt_top_rg8j aes_encrypt_top_AXILiteS_s_axi aes_encrypt_top
INFO-FLOW: To file: write model aes_encrypt_top_sbkb
INFO-FLOW: To file: write model aes_encrypt_top_scud
INFO-FLOW: To file: write model aes_encrypt_top_sdEe
INFO-FLOW: To file: write model aes_encrypt_top_ieOg
INFO-FLOW: To file: write model aes_encrypt_top_ofYi
INFO-FLOW: To file: write model aes_encrypt_top_rg8j
INFO-FLOW: To file: write model aes_encrypt_top_AXILiteS_s_axi
INFO-FLOW: To file: write model aes_encrypt_top
INFO-FLOW: Finished generating RTL model list.


INFO-FLOW: RTL Generation done.
INFO-FLOW: CAS Generation done.
INFO-FLOW: CBC Generation done.
INFO-FLOW: DBG:CMD: auto_generate_csynth_design
INFO-FLOW: DBG:CMD:     auto_generate --sim-model -phase csynth_design -d C:/Users/aeone/AppData/Roaming/Xilinx/Vivado/aes/solution1
Execute       source C:/Users/aeone/AppData/Roaming/Xilinx/Vivado/aes/solution1/.autopilot/db/global.setting.tcl 
INFO-FLOW: DBG:CMD: read_platform_lib C:/Users/aeone/AppData/Roaming/Xilinx/Vivado/aes/solution1/.autopilot/db/global.setting.tcl
Execute       source C:/Xilinx/Vivado/2018.3/common/technology/generic/autopilot/common.gen 
Execute         source C:/Xilinx/Vivado/2018.3/common/technology/generic/autopilot/APCoreGen.gen 
Execute       source C:/Xilinx/Vivado/2018.3/common/technology/generic/autopilot/op.gen 
Execute       source C:/Xilinx/Vivado/2018.3/common/technology/generic/autopilot/op_simcore.gen 
Execute       source C:/Xilinx/Vivado/2018.3/common/technology/generic/autopilot/interface.gen 
Execute       source C:/Users/aeone/AppData/Roaming/Xilinx/Vivado/aes/solution1/.autopilot/db/global.setting.tcl 
Execute       source C:/Xilinx/Vivado/2018.3/common/technology/xilinx/zynq/zynq.gen 
Execute         source C:/Xilinx/Vivado/2018.3/common/technology/xilinx/common/virtex.gen 
Execute           source C:/Xilinx/Vivado/2018.3/common/technology/xilinx/common/xilinx.gen 
Execute             source C:/Xilinx/Vivado/2018.3/common/technology/xilinx/interface/plb46.gen 
Execute             source C:/Xilinx/Vivado/2018.3/common/technology/xilinx/interface/fsl.gen 
Execute             source C:/Xilinx/Vivado/2018.3/common/technology/xilinx/interface/axi4.gen 
Execute             source C:/Xilinx/Vivado/2018.3/common/technology/xilinx/interface/nativeAXI4.gen 
Execute               source C:/Xilinx/Vivado/2018.3/common/technology/xilinx/interface/saxilite.gen 
Execute               source C:/Xilinx/Vivado/2018.3/common/technology/xilinx/interface/maxi.gen 
Execute             source C:/Xilinx/Vivado/2018.3/common/technology/xilinx/scripts/xilinxcoregen.gen 
Execute             source C:/Xilinx/Vivado/2018.3/common/technology/xilinx/interface/XilEDKCoreGen.gen 
Execute             source C:/Xilinx/Vivado/2018.3/common/technology/xilinx/ip/dds_compiler.gen 
Execute             source C:/Xilinx/Vivado/2018.3/common/technology/xilinx/ip/util.gen 
Execute             source C:/Xilinx/Vivado/2018.3/common/technology/xilinx/ip/xfft.gen 
Execute             source C:/Xilinx/Vivado/2018.3/common/technology/xilinx/ip/xfir.gen 
Command           ap_source done; 0.104 sec.
Execute           source C:/Xilinx/Vivado/2018.3/common/technology/xilinx/common/dsp48.gen 
Command         ap_source done; 0.107 sec.
Command       ap_source done; 0.107 sec.
Execute       source C:/Xilinx/Vivado/2018.3/common/technology/xilinx/zynq/zynq_fpv6.gen 
Execute         source C:/Xilinx/Vivado/2018.3/common/technology/xilinx/common/xilinx_fpv6.gen 
INFO-FLOW: DBG:CMD:   using AESL_AUTOCG::g_clock_period=10.000 (was NA)
INFO-FLOW: DBG:CMD:       generate_ip_cores sim=1 export=0 expOnly=0 dstVlogDir=syn/verilog
Execute       source C:/Users/aeone/AppData/Roaming/Xilinx/Vivado/aes/solution1/.autopilot/db/global.setting.tcl 
Execute       source C:/Users/aeone/AppData/Roaming/Xilinx/Vivado/aes/solution1/.autopilot/db/global.setting.tcl 
Execute       source C:/Users/aeone/AppData/Roaming/Xilinx/Vivado/aes/solution1/.autopilot/db/global.setting.tcl 
Execute       source C:/Users/aeone/AppData/Roaming/Xilinx/Vivado/aes/solution1/.autopilot/db/aes_encrypt_top.compgen.tcl 
INFO: [RTMG 210-279] Implementing memory 'aes_encrypt_top_sbkb_rom' using auto ROMs.
INFO: [RTMG 210-279] Implementing memory 'aes_encrypt_top_scud_rom' using block ROMs.
INFO: [RTMG 210-279] Implementing memory 'aes_encrypt_top_sdEe_rom' using block ROMs.
INFO: [RTMG 210-278] Implementing memory 'aes_encrypt_top_ieOg_ram (RAM)' using distributed RAMs.
INFO: [RTMG 210-278] Implementing memory 'aes_encrypt_top_ofYi_ram (RAM)' using block RAMs.
INFO: [RTMG 210-278] Implementing memory 'aes_encrypt_top_rg8j_ram (RAM)' using block RAMs.
Execute         source ./AXILiteS.slave.tcl 
Execute         is_m_axi_addr64 
Command       ap_source done; 0.244 sec.
INFO-FLOW: DBG:CMD:     auto_generate -export -impltomg_flag -rtl both -tool Vivado -pcore_version 1.00.a -phase csynth_design -d C:/Users/aeone/AppData/Roaming/Xilinx/Vivado/aes/solution1
Execute       source C:/Users/aeone/AppData/Roaming/Xilinx/Vivado/aes/solution1/.autopilot/db/global.setting.tcl 
INFO-FLOW: DBG:CMD: read_platform_lib C:/Users/aeone/AppData/Roaming/Xilinx/Vivado/aes/solution1/.autopilot/db/global.setting.tcl
Execute       source C:/Xilinx/Vivado/2018.3/common/technology/generic/autopilot/common.gen 
Execute         source C:/Xilinx/Vivado/2018.3/common/technology/generic/autopilot/APCoreGen.gen 
Execute       source C:/Xilinx/Vivado/2018.3/common/technology/generic/autopilot/op.gen 
Execute       source C:/Xilinx/Vivado/2018.3/common/technology/generic/autopilot/op_simcore.gen 
Execute       source C:/Xilinx/Vivado/2018.3/common/technology/generic/autopilot/interface.gen 
Execute       source C:/Users/aeone/AppData/Roaming/Xilinx/Vivado/aes/solution1/.autopilot/db/global.setting.tcl 
Execute       source C:/Xilinx/Vivado/2018.3/common/technology/xilinx/zynq/zynq.gen 
Execute         source C:/Xilinx/Vivado/2018.3/common/technology/xilinx/common/virtex.gen 
Execute           source C:/Xilinx/Vivado/2018.3/common/technology/xilinx/common/xilinx.gen 
Execute             source C:/Xilinx/Vivado/2018.3/common/technology/xilinx/interface/plb46.gen 
Execute             source C:/Xilinx/Vivado/2018.3/common/technology/xilinx/interface/fsl.gen 
Execute             source C:/Xilinx/Vivado/2018.3/common/technology/xilinx/interface/axi4.gen 
Execute             source C:/Xilinx/Vivado/2018.3/common/technology/xilinx/interface/nativeAXI4.gen 
Execute               source C:/Xilinx/Vivado/2018.3/common/technology/xilinx/interface/saxilite.gen 
Execute               source C:/Xilinx/Vivado/2018.3/common/technology/xilinx/interface/maxi.gen 
Execute             source C:/Xilinx/Vivado/2018.3/common/technology/xilinx/scripts/xilinxcoregen.gen 
Execute             source C:/Xilinx/Vivado/2018.3/common/technology/xilinx/interface/XilEDKCoreGen.gen 
Execute             source C:/Xilinx/Vivado/2018.3/common/technology/xilinx/ip/dds_compiler.gen 
Execute             source C:/Xilinx/Vivado/2018.3/common/technology/xilinx/ip/util.gen 
Execute             source C:/Xilinx/Vivado/2018.3/common/technology/xilinx/ip/xfft.gen 
Execute             source C:/Xilinx/Vivado/2018.3/common/technology/xilinx/ip/xfir.gen 
Execute           source C:/Xilinx/Vivado/2018.3/common/technology/xilinx/common/dsp48.gen 
Execute       source C:/Xilinx/Vivado/2018.3/common/technology/xilinx/zynq/zynq_fpv6.gen 
Execute         source C:/Xilinx/Vivado/2018.3/common/technology/xilinx/common/xilinx_fpv6.gen 
INFO-FLOW: DBG:CMD:       initCTypeInfo top_module=aes_encrypt_top xml_exists=0
Execute       source C:/Users/aeone/AppData/Roaming/Xilinx/Vivado/aes/solution1/.autopilot/db/aes_encrypt_top.rtl_wrap.cfg.tcl 
Execute       source C:/Users/aeone/AppData/Roaming/Xilinx/Vivado/aes/solution1/.autopilot/db/aes_encrypt_top.rtl_wrap.cfg.tcl 
Execute       source C:/Users/aeone/AppData/Roaming/Xilinx/Vivado/aes/solution1/.autopilot/db/aes_encrypt_top.rtl_wrap.cfg.tcl 
Execute       source C:/Users/aeone/AppData/Roaming/Xilinx/Vivado/aes/solution1/.autopilot/db/aes_encrypt_top.tbgen.tcl 
Execute       source C:/Users/aeone/AppData/Roaming/Xilinx/Vivado/aes/solution1/.autopilot/db/aes_encrypt_top.tbgen.tcl 
INFO-FLOW: DBG:CMD:       export_impl_rtl
INFO-FLOW: DBG:CMD:       generate_ip_cores sim=0 export=0 expOnly=0 dstVlogDir=impl/.verilog
Execute       source C:/Users/aeone/AppData/Roaming/Xilinx/Vivado/aes/solution1/.autopilot/db/global.setting.tcl 
Execute       source C:/Users/aeone/AppData/Roaming/Xilinx/Vivado/aes/solution1/.autopilot/db/aes_encrypt_top.compgen.tcl 
INFO-FLOW: DBG:CMD:       generate_ip_cores sim=0 export=1 expOnly=1 dstVlogDir=impl/.pcores/verilog
Execute       source C:/Users/aeone/AppData/Roaming/Xilinx/Vivado/aes/solution1/.autopilot/db/global.setting.tcl 
Execute       source C:/Users/aeone/AppData/Roaming/Xilinx/Vivado/aes/solution1/.autopilot/db/aes_encrypt_top.compgen.tcl 
INFO-FLOW: DBG:CMD:       generate_ip_cores sim=0 export=0 expOnly=0 dstVlogDir=impl/.pcores/verilog_sim
Execute       source C:/Users/aeone/AppData/Roaming/Xilinx/Vivado/aes/solution1/.autopilot/db/global.setting.tcl 
Execute       source C:/Users/aeone/AppData/Roaming/Xilinx/Vivado/aes/solution1/.autopilot/db/aes_encrypt_top.compgen.tcl 
Execute       source C:/Users/aeone/AppData/Roaming/Xilinx/Vivado/aes/solution1/.autopilot/db/global.setting.tcl 
Execute       source C:/Users/aeone/AppData/Roaming/Xilinx/Vivado/aes/solution1/.autopilot/db/aes_encrypt_top.constraint.tcl 
Execute       source C:/Users/aeone/AppData/Roaming/Xilinx/Vivado/aes/solution1/.autopilot/db/aes_encrypt_top.tbgen.tcl 
INFO-FLOW: DBG:CMD:       hasPcoreIpAdapter=false #gSsdmPorts=16
INFO-FLOW: DBG:CMD: Skipping loadAnalyze_DB, #g_database=9
INFO-FLOW: DBG:CMD:       generate_json is_phase_csynth=1 g_has_adaptors=false generate_bd_files=1 #modelList=8 #gSsdmPorts=16
Execute       source C:/Users/aeone/AppData/Roaming/Xilinx/Vivado/aes/solution1/.autopilot/db/global.setting.tcl 
Execute       source C:/Users/aeone/AppData/Roaming/Xilinx/Vivado/aes/solution1/.autopilot/db/global.setting.tcl 
Execute       source C:/Users/aeone/AppData/Roaming/Xilinx/Vivado/aes/solution1/.autopilot/db/aes_encrypt_top.tbgen.tcl 
Execute       source C:/Users/aeone/AppData/Roaming/Xilinx/Vivado/aes/solution1/.autopilot/db/aes_encrypt_top.tbgen.tcl 
Execute       source C:/Users/aeone/AppData/Roaming/Xilinx/Vivado/aes/solution1/.autopilot/db/aes_encrypt_top.tbgen.tcl 
Execute       source C:/Users/aeone/AppData/Roaming/Xilinx/Vivado/aes/solution1/.autopilot/db/aes_encrypt_top.tbgen.tcl 
Execute       source C:/Users/aeone/AppData/Roaming/Xilinx/Vivado/aes/solution1/.autopilot/db/global.setting.tcl 
Execute       get_config_sdx -target 
Execute       get_config_export -xo 
Execute       source C:/Users/aeone/AppData/Roaming/Xilinx/Vivado/aes/solution1/.autopilot/db/global.setting.tcl 
Execute       source C:/Users/aeone/AppData/Roaming/Xilinx/Vivado/aes/solution1/.autopilot/db/aes_encrypt_top.constraint.tcl 
Execute       sc_get_clocks aes_encrypt_top 
Execute       source C:/Users/aeone/AppData/Roaming/Xilinx/Vivado/aes/solution1/.autopilot/db/global.setting.tcl 
Execute       get_config_sdx -target 
Execute       get_config_sdx -profile 
Execute       ::config_rtl 
INFO-FLOW: DBG:CMD: add_json_sdx_info kernel file does not exist: C:/Users/aeone/AppData/Roaming/Xilinx/Vivado/aes/solution1/.autopilot/db/kernel.internal.xml
INFO-FLOW: DBG:CMD:       delete-temp-dirs (skipped for debug)
INFO: [HLS 200-111] Finished generating all RTL models Time (s): cpu = 00:00:07 ; elapsed = 00:00:19 . Memory (MB): peak = 183.434 ; gain = 98.352
INFO: [SYSC 207-301] Generating SystemC RTL for aes_encrypt_top.
INFO: [VHDL 208-304] Generating VHDL RTL for aes_encrypt_top.
INFO: [VLOG 209-307] Generating Verilog RTL for aes_encrypt_top.
Command     autosyn done; 8.693 sec.
Execute     get_part 
Execute     get_config_export -sdx_tcl 
Command   csynth_design done; 18.734 sec.
Command ap_source done; 18.99 sec.
Execute cleanup_all 
