

================================================================
== Vivado HLS Report for 'aes_encrypt_top'
================================================================
* Date:           Tue Apr 22 00:07:34 2025

* Version:        2018.3 (Build 2405991 on Thu Dec 06 23:56:15 MST 2018)
* Project:        aes
* Solution:       solution1
* Product family: zynq
* Target device:  xc7z020clg400-1


================================================================
== Performance Estimates
================================================================
+ Timing (ns): 
    * Summary: 
    +--------+-------+----------+------------+
    |  Clock | Target| Estimated| Uncertainty|
    +--------+-------+----------+------------+
    |ap_clk  |  10.00|     8.488|        1.25|
    +--------+-------+----------+------------+

+ Latency (clock cycles): 
    * Summary: 
    +-----+-----+-----+-----+---------+
    |  Latency  |  Interval | Pipeline|
    | min | max | min | max |   Type  |
    +-----+-----+-----+-----+---------+
    |  134|  134|  134|  134|   none  |
    +-----+-----+-----+-----+---------+

    + Detail: 
        * Instance: 
        N/A

        * Loop: 
        +----------+-----+-----+----------+-----------+-----------+------+----------+
        |          |  Latency  | Iteration|  Initiation Interval  | Trip |          |
        | Loop Name| min | max |  Latency |  achieved |   target  | Count| Pipelined|
        +----------+-----+-----+----------+-----------+-----------+------+----------+
        |- Loop 1  |   16|   16|         1|          1|          1|    16|    yes   |
        |- Loop 2  |   45|   45|         5|          5|          2|     9|    yes   |
        |- Loop 3  |   17|   17|         3|          1|          1|    16|    yes   |
        +----------+-----+-----+----------+-----------+-----------+------+----------+



================================================================
== Utilization Estimates
================================================================
* Summary: 
+-----------------+---------+-------+--------+-------+
|       Name      | BRAM_18K| DSP48E|   FF   |  LUT  |
+-----------------+---------+-------+--------+-------+
|DSP              |        -|      -|       -|      -|
|Expression       |        -|      -|       0|   2824|
|FIFO             |        -|      -|       -|      -|
|Instance         |        2|      -|     116|    110|
|Memory           |       34|      -|      16|      2|
|Multiplexer      |        -|      -|       -|   4009|
|Register         |        -|      -|    1875|      -|
+-----------------+---------+-------+--------+-------+
|Total            |       36|      0|    2007|   6945|
+-----------------+---------+-------+--------+-------+
|Available        |      280|    220|  106400|  53200|
+-----------------+---------+-------+--------+-------+
|Utilization (%)  |       12|      0|       1|     13|
+-----------------+---------+-------+--------+-------+

+ Detail: 
    * Instance: 
    +----------------------------------+--------------------------------+---------+-------+-----+-----+
    |             Instance             |             Module             | BRAM_18K| DSP48E|  FF | LUT |
    +----------------------------------+--------------------------------+---------+-------+-----+-----+
    |aes_encrypt_top_AXILiteS_s_axi_U  |aes_encrypt_top_AXILiteS_s_axi  |        2|      0|  116|  110|
    +----------------------------------+--------------------------------+---------+-------+-----+-----+
    |Total                             |                                |        2|      0|  116|  110|
    +----------------------------------+--------------------------------+---------+-------+-----+-----+

    * DSP48: 
    N/A

    * Memory: 
    +------------------+----------------------+---------+----+----+------+-----+------+-------------+
    |      Memory      |        Module        | BRAM_18K| FF | LUT| Words| Bits| Banks| W*Bits*Banks|
    +------------------+----------------------+---------+----+----+------+-----+------+-------------+
    |input_V_U         |aes_encrypt_top_ieOg  |        0|  16|   2|    16|    8|     1|          128|
    |output_U          |aes_encrypt_top_ofYi  |        1|   0|   0|    16|    8|     1|          128|
    |roundKeys_0_V_U   |aes_encrypt_top_rg8j  |        1|   0|   0|    11|    8|     1|           88|
    |roundKeys_1_V_U   |aes_encrypt_top_rg8j  |        1|   0|   0|    11|    8|     1|           88|
    |roundKeys_2_V_U   |aes_encrypt_top_rg8j  |        1|   0|   0|    11|    8|     1|           88|
    |roundKeys_3_V_U   |aes_encrypt_top_rg8j  |        1|   0|   0|    11|    8|     1|           88|
    |roundKeys_4_V_U   |aes_encrypt_top_rg8j  |        1|   0|   0|    11|    8|     1|           88|
    |roundKeys_5_V_U   |aes_encrypt_top_rg8j  |        1|   0|   0|    11|    8|     1|           88|
    |roundKeys_6_V_U   |aes_encrypt_top_rg8j  |        1|   0|   0|    11|    8|     1|           88|
    |roundKeys_7_V_U   |aes_encrypt_top_rg8j  |        1|   0|   0|    11|    8|     1|           88|
    |roundKeys_8_V_U   |aes_encrypt_top_rg8j  |        1|   0|   0|    11|    8|     1|           88|
    |roundKeys_9_V_U   |aes_encrypt_top_rg8j  |        1|   0|   0|    11|    8|     1|           88|
    |roundKeys_10_V_U  |aes_encrypt_top_rg8j  |        1|   0|   0|    11|    8|     1|           88|
    |roundKeys_11_V_U  |aes_encrypt_top_rg8j  |        1|   0|   0|    11|    8|     1|           88|
    |roundKeys_12_V_U  |aes_encrypt_top_rg8j  |        1|   0|   0|    11|    8|     1|           88|
    |roundKeys_13_V_U  |aes_encrypt_top_rg8j  |        1|   0|   0|    11|    8|     1|           88|
    |roundKeys_14_V_U  |aes_encrypt_top_rg8j  |        1|   0|   0|    11|    8|     1|           88|
    |roundKeys_15_V_U  |aes_encrypt_top_rg8j  |        1|   0|   0|    11|    8|     1|           88|
    |sboxExp_V_U       |aes_encrypt_top_sbkb  |        1|   0|   0|   256|    8|     1|         2048|
    |sboxSub_V_1_U     |aes_encrypt_top_scud  |        8|   0|   0|   128|    8|     1|         1024|
    |sboxSub_V_0_U     |aes_encrypt_top_sdEe  |        8|   0|   0|   128|    8|     1|         1024|
    +------------------+----------------------+---------+----+----+------+-----+------+-------------+
    |Total             |                      |       34|  16|   2|   720|  168|    21|         5760|
    +------------------+----------------------+---------+----+----+------+-----+------+-------------+

    * FIFO: 
    N/A

    * Expression: 
    +-------------------------------------+----------+-------+---+----+------------+------------+
    |            Variable Name            | Operation| DSP48E| FF| LUT| Bitwidth P0| Bitwidth P1|
    +-------------------------------------+----------+-------+---+----+------------+------------+
    |i_1_fu_6386_p2                       |     +    |      0|  0|  15|           5|           1|
    |i_fu_4786_p2                         |     +    |      0|  0|  15|           5|           1|
    |round_fu_6004_p2                     |     +    |      0|  0|  13|           1|           4|
    |ap_block_state36                     |    and   |      0|  0|   2|           1|           1|
    |ap_block_state61_io                  |    and   |      0|  0|   2|           1|           1|
    |ap_block_state62_io                  |    and   |      0|  0|   2|           1|           1|
    |inStream_V_data_V_0_load_A           |    and   |      0|  0|   2|           1|           1|
    |inStream_V_data_V_0_load_B           |    and   |      0|  0|   2|           1|           1|
    |outStream_V_data_V_1_load_A          |    and   |      0|  0|   2|           1|           1|
    |outStream_V_data_V_1_load_B          |    and   |      0|  0|   2|           1|           1|
    |outStream_V_last_V_1_load_A          |    and   |      0|  0|   2|           1|           1|
    |outStream_V_last_V_1_load_B          |    and   |      0|  0|   2|           1|           1|
    |exitcond1_fu_4780_p2                 |   icmp   |      0|  0|  11|           5|           6|
    |exitcond8_i_fu_4882_p2               |   icmp   |      0|  0|   9|           4|           4|
    |exitcond_fu_6380_p2                  |   icmp   |      0|  0|  11|           5|           6|
    |inStream_V_data_V_0_state_cmp_full   |   icmp   |      0|  0|   8|           2|           1|
    |outStream_V_data_V_1_state_cmp_full  |   icmp   |      0|  0|   8|           2|           1|
    |outStream_V_last_V_1_state_cmp_full  |   icmp   |      0|  0|   8|           2|           1|
    |val_last_V_fu_6397_p2                |   icmp   |      0|  0|  11|           5|           4|
    |ap_block_pp2_stage0_11001            |    or    |      0|  0|   2|           1|           1|
    |ap_block_state63                     |    or    |      0|  0|   2|           1|           1|
    |p_i10_cast_cast_fu_5434_p3           |  select  |      0|  0|   5|           1|           5|
    |p_i11_cast_cast_fu_5582_p3           |  select  |      0|  0|   5|           1|           5|
    |p_i12_cast_cast_fu_5142_p3           |  select  |      0|  0|   5|           1|           5|
    |p_i13_cast_cast_fu_5302_p3           |  select  |      0|  0|   5|           1|           5|
    |p_i14_cast_cast_fu_5462_p3           |  select  |      0|  0|   5|           1|           5|
    |p_i15_cast_cast_fu_5614_p3           |  select  |      0|  0|   5|           1|           5|
    |p_i1_cast_cast_fu_5218_p3            |  select  |      0|  0|   5|           1|           5|
    |p_i2_cast_cast_fu_5378_p3            |  select  |      0|  0|   5|           1|           5|
    |p_i3_cast_cast_fu_5518_p3            |  select  |      0|  0|   5|           1|           5|
    |p_i4_cast_cast_fu_5086_p3            |  select  |      0|  0|   5|           1|           5|
    |p_i5_cast_cast_fu_5246_p3            |  select  |      0|  0|   5|           1|           5|
    |p_i6_cast_cast_fu_5406_p3            |  select  |      0|  0|   5|           1|           5|
    |p_i7_cast_cast_fu_5550_p3            |  select  |      0|  0|   5|           1|           5|
    |p_i8_cast_cast_fu_5114_p3            |  select  |      0|  0|   5|           1|           5|
    |p_i9_cast_cast_fu_5274_p3            |  select  |      0|  0|   5|           1|           5|
    |p_i_cast_cast_fu_5058_p3             |  select  |      0|  0|   5|           1|           5|
    |sboxSub_V_load_0_0_p_fu_6110_p3      |  select  |      0|  0|   8|           1|           8|
    |sboxSub_V_load_0_1_p_fu_6122_p3      |  select  |      0|  0|   8|           1|           8|
    |sboxSub_V_load_0_2_p_fu_6134_p3      |  select  |      0|  0|   8|           1|           8|
    |sboxSub_V_load_0_3_p_fu_6146_p3      |  select  |      0|  0|   8|           1|           8|
    |sboxSub_V_load_1_1_p_fu_6170_p3      |  select  |      0|  0|   8|           1|           8|
    |sboxSub_V_load_1_2_p_fu_6182_p3      |  select  |      0|  0|   8|           1|           8|
    |sboxSub_V_load_1_3_p_fu_6194_p3      |  select  |      0|  0|   8|           1|           8|
    |sboxSub_V_load_2_2_p_fu_6230_p3      |  select  |      0|  0|   8|           1|           8|
    |sboxSub_V_load_2_3_p_fu_6242_p3      |  select  |      0|  0|   8|           1|           8|
    |sboxSub_V_load_3_0_p_fu_6254_p3      |  select  |      0|  0|   8|           1|           8|
    |sboxSub_V_load_3_1_p_fu_6266_p3      |  select  |      0|  0|   8|           1|           8|
    |sboxSub_V_load_3_2_p_fu_6278_p3      |  select  |      0|  0|   8|           1|           8|
    |state_0_0_V_1_fu_4996_p3             |  select  |      0|  0|   8|           1|           8|
    |state_0_1_V_1_fu_5003_p3             |  select  |      0|  0|   8|           1|           8|
    |state_0_2_V_1_fu_5010_p3             |  select  |      0|  0|   8|           1|           8|
    |state_0_3_V_1_fu_5017_p3             |  select  |      0|  0|   8|           1|           8|
    |state_1_0_V_2_fu_5163_p3             |  select  |      0|  0|   8|           1|           8|
    |state_1_1_V_2_fu_5170_p3             |  select  |      0|  0|   8|           1|           8|
    |state_1_2_V_2_fu_5177_p3             |  select  |      0|  0|   8|           1|           8|
    |state_2_0_V_2_fu_5330_p3             |  select  |      0|  0|   8|           1|           8|
    |state_2_1_V_2_fu_5337_p3             |  select  |      0|  0|   8|           1|           8|
    |state_3_1_V_2_fu_5476_p3             |  select  |      0|  0|   8|           1|           8|
    |state_3_2_V_2_fu_5483_p3             |  select  |      0|  0|   8|           1|           8|
    |state_3_3_V_2_fu_5490_p3             |  select  |      0|  0|   8|           1|           8|
    |temp1_V_2_fu_5323_p3                 |  select  |      0|  0|   8|           1|           8|
    |temp1_V_fu_6218_p3                   |  select  |      0|  0|   8|           1|           8|
    |temp_V_1_fu_6206_p3                  |  select  |      0|  0|   8|           1|           8|
    |temp_V_2_fu_6290_p3                  |  select  |      0|  0|   8|           1|           8|
    |temp_V_6_fu_5156_p3                  |  select  |      0|  0|   8|           1|           8|
    |temp_V_7_fu_5316_p3                  |  select  |      0|  0|   8|           1|           8|
    |temp_V_8_fu_5497_p3                  |  select  |      0|  0|   8|           1|           8|
    |temp_V_fu_6158_p3                    |  select  |      0|  0|   8|           1|           8|
    |agg_result_V_i10_fu_5442_p2          |    xor   |      0|  0|   8|           8|           8|
    |agg_result_V_i11_fu_5590_p2          |    xor   |      0|  0|   8|           8|           8|
    |agg_result_V_i12_fu_5150_p2          |    xor   |      0|  0|   8|           8|           8|
    |agg_result_V_i13_fu_5310_p2          |    xor   |      0|  0|   8|           8|           8|
    |agg_result_V_i14_fu_5470_p2          |    xor   |      0|  0|   8|           8|           8|
    |agg_result_V_i15_fu_5622_p2          |    xor   |      0|  0|   8|           8|           8|
    |agg_result_V_i1_fu_5226_p2           |    xor   |      0|  0|   8|           8|           8|
    |agg_result_V_i2_fu_5386_p2           |    xor   |      0|  0|   8|           8|           8|
    |agg_result_V_i3_fu_5526_p2           |    xor   |      0|  0|   8|           8|           8|
    |agg_result_V_i4_fu_5094_p2           |    xor   |      0|  0|   8|           8|           8|
    |agg_result_V_i5_fu_5254_p2           |    xor   |      0|  0|   8|           8|           8|
    |agg_result_V_i6_fu_5414_p2           |    xor   |      0|  0|   8|           8|           8|
    |agg_result_V_i7_fu_5558_p2           |    xor   |      0|  0|   8|           8|           8|
    |agg_result_V_i8_fu_5122_p2           |    xor   |      0|  0|   8|           8|           8|
    |agg_result_V_i9_fu_5282_p2           |    xor   |      0|  0|   8|           8|           8|
    |agg_result_V_i_fu_5066_p2            |    xor   |      0|  0|   8|           8|           8|
    |ap_enable_pp2                        |    xor   |      0|  0|   2|           1|           2|
    |ap_enable_reg_pp2_iter1              |    xor   |      0|  0|   2|           2|           1|
    |ret_V_1_0_1_fu_3734_p2               |    xor   |      0|  0|   8|           8|           8|
    |ret_V_1_0_2_fu_3784_p2               |    xor   |      0|  0|   8|           8|           8|
    |ret_V_1_0_3_fu_3827_p2               |    xor   |      0|  0|   8|           8|           8|
    |ret_V_1_10_1_fu_3986_p2              |    xor   |      0|  0|   8|           8|           8|
    |ret_V_1_10_2_fu_3961_p2              |    xor   |      0|  0|   8|           8|           8|
    |ret_V_1_10_3_fu_3990_p2              |    xor   |      0|  0|   8|           8|           8|
    |ret_V_1_10_fu_4030_p2                |    xor   |      0|  0|   8|           8|           8|
    |ret_V_1_11_1_fu_3994_p2              |    xor   |      0|  0|   8|           8|           8|
    |ret_V_1_11_2_fu_3965_p2              |    xor   |      0|  0|   8|           8|           8|
    |ret_V_1_11_3_fu_4000_p2              |    xor   |      0|  0|   8|           8|           8|
    |ret_V_1_11_fu_4082_p2                |    xor   |      0|  0|   8|           8|           8|
    |ret_V_1_12_1_fu_4041_p2              |    xor   |      0|  0|   8|           8|           8|
    |ret_V_1_12_2_fu_4088_p2              |    xor   |      0|  0|   8|           8|           8|
    |ret_V_1_12_3_fu_4093_p2              |    xor   |      0|  0|   8|           8|           8|
    |ret_V_1_12_fu_4140_p2                |    xor   |      0|  0|   8|           8|           8|
    |ret_V_1_13_1_fu_4046_p2              |    xor   |      0|  0|   8|           8|           8|
    |ret_V_1_13_2_fu_4098_p2              |    xor   |      0|  0|   8|           8|           8|
    |ret_V_1_13_3_fu_4103_p2              |    xor   |      0|  0|   8|           8|           8|
    |ret_V_1_13_fu_4208_p2                |    xor   |      0|  0|   8|           8|           8|
    |ret_V_1_14_1_fu_4163_p2              |    xor   |      0|  0|   8|           8|           8|
    |ret_V_1_14_2_fu_4168_p2              |    xor   |      0|  0|   8|           8|           8|
    |ret_V_1_14_3_fu_4213_p2              |    xor   |      0|  0|   8|           8|           8|
    |ret_V_1_14_fu_4144_p2                |    xor   |      0|  0|   8|           8|           8|
    |ret_V_1_15_1_fu_4051_p2              |    xor   |      0|  0|   8|           8|           8|
    |ret_V_1_15_2_fu_4108_p2              |    xor   |      0|  0|   8|           8|           8|
    |ret_V_1_15_3_fu_4113_p2              |    xor   |      0|  0|   8|           8|           8|
    |ret_V_1_15_fu_4134_p2                |    xor   |      0|  0|   8|           8|           8|
    |ret_V_1_16_1_fu_4153_p2              |    xor   |      0|  0|   8|           8|           8|
    |ret_V_1_16_2_fu_4158_p2              |    xor   |      0|  0|   8|           8|           8|
    |ret_V_1_16_3_fu_4173_p2              |    xor   |      0|  0|   8|           8|           8|
    |ret_V_1_16_fu_4218_p2                |    xor   |      0|  0|   8|           8|           8|
    |ret_V_1_17_1_fu_4223_p2              |    xor   |      0|  0|   8|           8|           8|
    |ret_V_1_17_2_fu_4284_p2              |    xor   |      0|  0|   8|           8|           8|
    |ret_V_1_17_3_fu_4289_p2              |    xor   |      0|  0|   8|           8|           8|
    |ret_V_1_17_fu_4228_p2                |    xor   |      0|  0|   8|           8|           8|
    |ret_V_1_18_1_fu_4178_p2              |    xor   |      0|  0|   8|           8|           8|
    |ret_V_1_18_2_fu_4182_p2              |    xor   |      0|  0|   8|           8|           8|
    |ret_V_1_18_3_fu_4232_p2              |    xor   |      0|  0|   8|           8|           8|
    |ret_V_1_18_fu_4236_p2                |    xor   |      0|  0|   8|           8|           8|
    |ret_V_1_19_1_fu_4186_p2              |    xor   |      0|  0|   8|           8|           8|
    |ret_V_1_19_2_fu_4192_p2              |    xor   |      0|  0|   8|           8|           8|
    |ret_V_1_19_3_fu_4242_p2              |    xor   |      0|  0|   8|           8|           8|
    |ret_V_1_19_fu_4264_p2                |    xor   |      0|  0|   8|           8|           8|
    |ret_V_1_1_1_fu_3745_p2               |    xor   |      0|  0|   8|           8|           8|
    |ret_V_1_1_2_fu_3789_p2               |    xor   |      0|  0|   8|           8|           8|
    |ret_V_1_1_3_fu_3833_p2               |    xor   |      0|  0|   8|           8|           8|
    |ret_V_1_1_fu_3739_p2                 |    xor   |      0|  0|   8|           8|           8|
    |ret_V_1_20_1_fu_4269_p2              |    xor   |      0|  0|   8|           8|           8|
    |ret_V_1_20_2_fu_4294_p2              |    xor   |      0|  0|   8|           8|           8|
    |ret_V_1_20_3_fu_4299_p2              |    xor   |      0|  0|   8|           8|           8|
    |ret_V_1_20_fu_4274_p2                |    xor   |      0|  0|   8|           8|           8|
    |ret_V_1_21_1_fu_4279_p2              |    xor   |      0|  0|   8|           8|           8|
    |ret_V_1_21_2_fu_4304_p2              |    xor   |      0|  0|   8|           8|           8|
    |ret_V_1_21_3_fu_4309_p2              |    xor   |      0|  0|   8|           8|           8|
    |ret_V_1_21_fu_4397_p2                |    xor   |      0|  0|   8|           8|           8|
    |ret_V_1_22_1_fu_4367_p2              |    xor   |      0|  0|   8|           8|           8|
    |ret_V_1_22_2_fu_4402_p2              |    xor   |      0|  0|   8|           8|           8|
    |ret_V_1_22_3_fu_4407_p2              |    xor   |      0|  0|   8|           8|           8|
    |ret_V_1_22_fu_4333_p2                |    xor   |      0|  0|   8|           8|           8|
    |ret_V_1_23_1_fu_4314_p2              |    xor   |      0|  0|   8|           8|           8|
    |ret_V_1_23_2_fu_4318_p2              |    xor   |      0|  0|   8|           8|           8|
    |ret_V_1_23_3_fu_4337_p2              |    xor   |      0|  0|   8|           8|           8|
    |ret_V_1_23_fu_4356_p2                |    xor   |      0|  0|   8|           8|           8|
    |ret_V_1_24_1_fu_4362_p2              |    xor   |      0|  0|   8|           8|           8|
    |ret_V_1_24_2_fu_4372_p2              |    xor   |      0|  0|   8|           8|           8|
    |ret_V_1_24_3_fu_4377_p2              |    xor   |      0|  0|   8|           8|           8|
    |ret_V_1_24_fu_4412_p2                |    xor   |      0|  0|   8|           8|           8|
    |ret_V_1_25_1_fu_4472_p2              |    xor   |      0|  0|   8|           8|           8|
    |ret_V_1_25_2_fu_4477_p2              |    xor   |      0|  0|   8|           8|           8|
    |ret_V_1_25_3_fu_4527_p2              |    xor   |      0|  0|   8|           8|           8|
    |ret_V_1_25_fu_4417_p2                |    xor   |      0|  0|   8|           8|           8|
    |ret_V_1_26_1_fu_4382_p2              |    xor   |      0|  0|   8|           8|           8|
    |ret_V_1_26_2_fu_4421_p2              |    xor   |      0|  0|   8|           8|           8|
    |ret_V_1_26_3_fu_4425_p2              |    xor   |      0|  0|   8|           8|           8|
    |ret_V_1_26_fu_4482_p2                |    xor   |      0|  0|   8|           8|           8|
    |ret_V_1_27_1_fu_4386_p2              |    xor   |      0|  0|   8|           8|           8|
    |ret_V_1_27_2_fu_4429_p2              |    xor   |      0|  0|   8|           8|           8|
    |ret_V_1_27_3_fu_4435_p2              |    xor   |      0|  0|   8|           8|           8|
    |ret_V_1_27_fu_4457_p2                |    xor   |      0|  0|   8|           8|           8|
    |ret_V_1_28_1_fu_4492_p2              |    xor   |      0|  0|   8|           8|           8|
    |ret_V_1_28_2_fu_4497_p2              |    xor   |      0|  0|   8|           8|           8|
    |ret_V_1_28_3_fu_4532_p2              |    xor   |      0|  0|   8|           8|           8|
    |ret_V_1_28_fu_4462_p2                |    xor   |      0|  0|   8|           8|           8|
    |ret_V_1_29_1_fu_4502_p2              |    xor   |      0|  0|   8|           8|           8|
    |ret_V_1_29_2_fu_4507_p2              |    xor   |      0|  0|   8|           8|           8|
    |ret_V_1_29_3_fu_4537_p2              |    xor   |      0|  0|   8|           8|           8|
    |ret_V_1_29_fu_4626_p2                |    xor   |      0|  0|   8|           8|           8|
    |ret_V_1_2_1_fu_3756_p2               |    xor   |      0|  0|   8|           8|           8|
    |ret_V_1_2_2_fu_3795_p2               |    xor   |      0|  0|   8|           8|           8|
    |ret_V_1_2_3_fu_3839_p2               |    xor   |      0|  0|   8|           8|           8|
    |ret_V_1_2_fu_3751_p2                 |    xor   |      0|  0|   8|           8|           8|
    |ret_V_1_30_1_fu_4581_p2              |    xor   |      0|  0|   8|           8|           8|
    |ret_V_1_30_2_fu_4586_p2              |    xor   |      0|  0|   8|           8|           8|
    |ret_V_1_30_3_fu_4631_p2              |    xor   |      0|  0|   8|           8|           8|
    |ret_V_1_30_fu_4467_p2                |    xor   |      0|  0|   8|           8|           8|
    |ret_V_1_31_1_fu_4512_p2              |    xor   |      0|  0|   8|           8|           8|
    |ret_V_1_31_2_fu_4517_p2              |    xor   |      0|  0|   8|           8|           8|
    |ret_V_1_31_3_fu_4542_p2              |    xor   |      0|  0|   8|           8|           8|
    |ret_V_1_31_fu_4561_p2                |    xor   |      0|  0|   8|           8|           8|
    |ret_V_1_32_1_fu_4571_p2              |    xor   |      0|  0|   8|           8|           8|
    |ret_V_1_32_2_fu_4576_p2              |    xor   |      0|  0|   8|           8|           8|
    |ret_V_1_32_3_fu_4591_p2              |    xor   |      0|  0|   8|           8|           8|
    |ret_V_1_32_fu_4636_p2                |    xor   |      0|  0|   8|           8|           8|
    |ret_V_1_33_1_fu_4641_p2              |    xor   |      0|  0|   8|           8|           8|
    |ret_V_1_33_2_fu_4702_p2              |    xor   |      0|  0|   8|           8|           8|
    |ret_V_1_33_3_fu_4707_p2              |    xor   |      0|  0|   8|           8|           8|
    |ret_V_1_33_fu_4646_p2                |    xor   |      0|  0|   8|           8|           8|
    |ret_V_1_34_1_fu_4596_p2              |    xor   |      0|  0|   8|           8|           8|
    |ret_V_1_34_2_fu_4600_p2              |    xor   |      0|  0|   8|           8|           8|
    |ret_V_1_34_3_fu_4650_p2              |    xor   |      0|  0|   8|           8|           8|
    |ret_V_1_34_fu_4654_p2                |    xor   |      0|  0|   8|           8|           8|
    |ret_V_1_35_1_fu_4604_p2              |    xor   |      0|  0|   8|           8|           8|
    |ret_V_1_35_2_fu_4610_p2              |    xor   |      0|  0|   8|           8|           8|
    |ret_V_1_35_3_fu_4660_p2              |    xor   |      0|  0|   8|           8|           8|
    |ret_V_1_35_fu_4682_p2                |    xor   |      0|  0|   8|           8|           8|
    |ret_V_1_36_1_fu_4687_p2              |    xor   |      0|  0|   8|           8|           8|
    |ret_V_1_36_2_fu_4712_p2              |    xor   |      0|  0|   8|           8|           8|
    |ret_V_1_36_3_fu_4718_p2              |    xor   |      0|  0|   8|           8|           8|
    |ret_V_1_36_fu_4692_p2                |    xor   |      0|  0|   8|           8|           8|
    |ret_V_1_37_1_fu_4697_p2              |    xor   |      0|  0|   8|           8|           8|
    |ret_V_1_37_2_fu_4724_p2              |    xor   |      0|  0|   8|           8|           8|
    |ret_V_1_37_3_fu_4730_p2              |    xor   |      0|  0|   8|           8|           8|
    |ret_V_1_37_fu_4736_p2                |    xor   |      0|  0|   8|           8|           8|
    |ret_V_1_38_1_fu_4741_p2              |    xor   |      0|  0|   8|           8|           8|
    |ret_V_1_38_2_fu_4746_p2              |    xor   |      0|  0|   8|           8|           8|
    |ret_V_1_38_3_fu_4752_p2              |    xor   |      0|  0|   8|           8|           8|
    |ret_V_1_38_fu_4758_p2                |    xor   |      0|  0|   8|           8|           8|
    |ret_V_1_39_1_fu_4763_p2              |    xor   |      0|  0|   8|           8|           8|
    |ret_V_1_39_2_fu_4768_p2              |    xor   |      0|  0|   8|           8|           8|
    |ret_V_1_39_3_fu_4774_p2              |    xor   |      0|  0|   8|           8|           8|
    |ret_V_1_3_1_fu_3768_p2               |    xor   |      0|  0|   8|           8|           8|
    |ret_V_1_3_2_fu_3801_p2               |    xor   |      0|  0|   8|           8|           8|
    |ret_V_1_3_3_fu_3845_p2               |    xor   |      0|  0|   8|           8|           8|
    |ret_V_1_3_fu_3762_p2                 |    xor   |      0|  0|   8|           8|           8|
    |ret_V_1_4_1_fu_3888_p2               |    xor   |      0|  0|   8|           8|           8|
    |ret_V_1_4_2_fu_3893_p2               |    xor   |      0|  0|   8|           8|           8|
    |ret_V_1_4_3_fu_3867_p2               |    xor   |      0|  0|   8|           8|           8|
    |ret_V_1_4_fu_3862_p2                 |    xor   |      0|  0|   8|           8|           8|
    |ret_V_1_5_1_fu_3899_p2               |    xor   |      0|  0|   8|           8|           8|
    |ret_V_1_5_2_fu_3904_p2               |    xor   |      0|  0|   8|           8|           8|
    |ret_V_1_5_3_fu_3812_p2               |    xor   |      0|  0|   8|           8|           8|
    |ret_V_1_5_fu_3873_p2                 |    xor   |      0|  0|   8|           8|           8|
    |ret_V_1_6_1_fu_3976_p2               |    xor   |      0|  0|   8|           8|           8|
    |ret_V_1_6_2_fu_3940_p2               |    xor   |      0|  0|   8|           8|           8|
    |ret_V_1_6_3_fu_3981_p2               |    xor   |      0|  0|   8|           8|           8|
    |ret_V_1_6_fu_4016_p2                 |    xor   |      0|  0|   8|           8|           8|
    |ret_V_1_7_1_fu_3909_p2               |    xor   |      0|  0|   8|           8|           8|
    |ret_V_1_7_2_fu_3914_p2               |    xor   |      0|  0|   8|           8|           8|
    |ret_V_1_7_3_fu_3817_p2               |    xor   |      0|  0|   8|           8|           8|
    |ret_V_1_7_fu_3878_p2                 |    xor   |      0|  0|   8|           8|           8|
    |ret_V_1_8_1_fu_3956_p2               |    xor   |      0|  0|   8|           8|           8|
    |ret_V_1_8_2_fu_3929_p2               |    xor   |      0|  0|   8|           8|           8|
    |ret_V_1_8_3_fu_3935_p2               |    xor   |      0|  0|   8|           8|           8|
    |ret_V_1_8_fu_3950_p2                 |    xor   |      0|  0|   8|           8|           8|
    |ret_V_1_9_1_fu_4021_p2               |    xor   |      0|  0|   8|           8|           8|
    |ret_V_1_9_2_fu_4066_p2               |    xor   |      0|  0|   8|           8|           8|
    |ret_V_1_9_3_fu_4071_p2               |    xor   |      0|  0|   8|           8|           8|
    |ret_V_1_9_fu_4061_p2                 |    xor   |      0|  0|   8|           8|           8|
    |ret_V_1_fu_4076_p2                   |    xor   |      0|  0|   8|           8|           4|
    |ret_V_1_s_fu_4026_p2                 |    xor   |      0|  0|   8|           8|           8|
    |ret_V_3_fu_4248_p2                   |    xor   |      0|  0|   8|           8|           6|
    |ret_V_4_fu_3851_p2                   |    xor   |      0|  0|   8|           8|           2|
    |ret_V_6_fu_4441_p2                   |    xor   |      0|  0|   9|           8|           9|
    |ret_V_8_fu_4666_p2                   |    xor   |      0|  0|   8|           8|           6|
    |ret_V_s_fu_3728_p2                   |    xor   |      0|  0|   8|           8|           8|
    |state_0_0_V_2_fu_6298_p2             |    xor   |      0|  0|   8|           8|           8|
    |state_0_0_V_3_fu_5651_p2             |    xor   |      0|  0|   8|           8|           8|
    |state_0_0_V_fu_4802_p2               |    xor   |      0|  0|   8|           8|           8|
    |state_0_1_V_2_fu_6320_p2             |    xor   |      0|  0|   8|           8|           8|
    |state_0_1_V_3_fu_5744_p2             |    xor   |      0|  0|   8|           8|           8|
    |state_0_1_V_fu_4822_p2               |    xor   |      0|  0|   8|           8|           8|
    |state_0_2_V_2_fu_6340_p2             |    xor   |      0|  0|   8|           8|           8|
    |state_0_2_V_3_fu_5837_p2             |    xor   |      0|  0|   8|           8|           8|
    |state_0_2_V_fu_4842_p2               |    xor   |      0|  0|   8|           8|           8|
    |state_0_3_V_2_fu_6360_p2             |    xor   |      0|  0|   8|           8|           8|
    |state_0_3_V_3_fu_5930_p2             |    xor   |      0|  0|   8|           8|           8|
    |state_0_3_V_fu_4862_p2               |    xor   |      0|  0|   8|           8|           8|
    |state_1_0_V_1_fu_6304_p2             |    xor   |      0|  0|   8|           8|           8|
    |state_1_0_V_3_fu_5676_p2             |    xor   |      0|  0|   8|           8|           8|
    |state_1_0_V_fu_4807_p2               |    xor   |      0|  0|   8|           8|           8|
    |state_1_1_V_1_fu_6325_p2             |    xor   |      0|  0|   8|           8|           8|
    |state_1_1_V_3_fu_5769_p2             |    xor   |      0|  0|   8|           8|           8|
    |state_1_1_V_fu_4827_p2               |    xor   |      0|  0|   8|           8|           8|
    |state_1_2_V_1_fu_6345_p2             |    xor   |      0|  0|   8|           8|           8|
    |state_1_2_V_3_fu_5862_p2             |    xor   |      0|  0|   8|           8|           8|
    |state_1_2_V_fu_4847_p2               |    xor   |      0|  0|   8|           8|           8|
    |state_1_3_V_1_fu_6365_p2             |    xor   |      0|  0|   8|           8|           8|
    |state_1_3_V_3_fu_5955_p2             |    xor   |      0|  0|   8|           8|           8|
    |state_1_3_V_fu_4867_p2               |    xor   |      0|  0|   8|           8|           8|
    |state_2_0_V_1_fu_6310_p2             |    xor   |      0|  0|   8|           8|           8|
    |state_2_0_V_3_fu_5698_p2             |    xor   |      0|  0|   8|           8|           8|
    |state_2_0_V_fu_4812_p2               |    xor   |      0|  0|   8|           8|           8|
    |state_2_1_V_1_fu_6330_p2             |    xor   |      0|  0|   8|           8|           8|
    |state_2_1_V_3_fu_5791_p2             |    xor   |      0|  0|   8|           8|           8|
    |state_2_1_V_fu_4832_p2               |    xor   |      0|  0|   8|           8|           8|
    |state_2_2_V_1_fu_6350_p2             |    xor   |      0|  0|   8|           8|           8|
    |state_2_2_V_3_fu_5884_p2             |    xor   |      0|  0|   8|           8|           8|
    |state_2_2_V_fu_4852_p2               |    xor   |      0|  0|   8|           8|           8|
    |state_2_3_V_1_fu_6370_p2             |    xor   |      0|  0|   8|           8|           8|
    |state_2_3_V_3_fu_5977_p2             |    xor   |      0|  0|   8|           8|           8|
    |state_2_3_V_fu_4872_p2               |    xor   |      0|  0|   8|           8|           8|
    |state_3_0_V_1_fu_6315_p2             |    xor   |      0|  0|   8|           8|           8|
    |state_3_0_V_3_fu_5719_p2             |    xor   |      0|  0|   8|           8|           8|
    |state_3_0_V_fu_4817_p2               |    xor   |      0|  0|   8|           8|           8|
    |state_3_1_V_1_fu_6335_p2             |    xor   |      0|  0|   8|           8|           8|
    |state_3_1_V_3_fu_5812_p2             |    xor   |      0|  0|   8|           8|           8|
    |state_3_1_V_fu_4837_p2               |    xor   |      0|  0|   8|           8|           8|
    |state_3_2_V_1_fu_6355_p2             |    xor   |      0|  0|   8|           8|           8|
    |state_3_2_V_3_fu_5905_p2             |    xor   |      0|  0|   8|           8|           8|
    |state_3_2_V_fu_4857_p2               |    xor   |      0|  0|   8|           8|           8|
    |state_3_3_V_1_fu_6375_p2             |    xor   |      0|  0|   8|           8|           8|
    |state_3_3_V_3_fu_5998_p2             |    xor   |      0|  0|   8|           8|           8|
    |state_3_3_V_fu_4877_p2               |    xor   |      0|  0|   8|           8|           8|
    |tmp10_fu_5661_p2                     |    xor   |      0|  0|   8|           8|           8|
    |tmp11_fu_5657_p2                     |    xor   |      0|  0|   8|           8|           8|
    |tmp12_fu_5670_p2                     |    xor   |      0|  0|   8|           8|           8|
    |tmp13_fu_5666_p2                     |    xor   |      0|  0|   8|           8|           8|
    |tmp14_fu_5682_p2                     |    xor   |      0|  0|   8|           8|           8|
    |tmp15_fu_5692_p2                     |    xor   |      0|  0|   8|           8|           8|
    |tmp16_fu_5687_p2                     |    xor   |      0|  0|   8|           8|           8|
    |tmp17_fu_5704_p2                     |    xor   |      0|  0|   8|           8|           8|
    |tmp18_fu_5713_p2                     |    xor   |      0|  0|   8|           8|           8|
    |tmp19_fu_5708_p2                     |    xor   |      0|  0|   8|           8|           8|
    |tmp1_fu_3723_p2                      |    xor   |      0|  0|   8|           8|           1|
    |tmp20_fu_5729_p2                     |    xor   |      0|  0|   8|           8|           8|
    |tmp21_fu_5725_p2                     |    xor   |      0|  0|   8|           8|           8|
    |tmp22_fu_5738_p2                     |    xor   |      0|  0|   8|           8|           8|
    |tmp23_fu_5734_p2                     |    xor   |      0|  0|   8|           8|           8|
    |tmp24_fu_5754_p2                     |    xor   |      0|  0|   8|           8|           8|
    |tmp25_fu_5750_p2                     |    xor   |      0|  0|   8|           8|           8|
    |tmp26_fu_5763_p2                     |    xor   |      0|  0|   8|           8|           8|
    |tmp27_fu_5759_p2                     |    xor   |      0|  0|   8|           8|           8|
    |tmp28_fu_5775_p2                     |    xor   |      0|  0|   8|           8|           8|
    |tmp29_fu_5785_p2                     |    xor   |      0|  0|   8|           8|           8|
    |tmp2_fu_3945_p2                      |    xor   |      0|  0|   8|           8|           3|
    |tmp30_fu_5780_p2                     |    xor   |      0|  0|   8|           8|           8|
    |tmp31_fu_5797_p2                     |    xor   |      0|  0|   8|           8|           8|
    |tmp32_fu_5806_p2                     |    xor   |      0|  0|   8|           8|           8|
    |tmp33_fu_5801_p2                     |    xor   |      0|  0|   8|           8|           8|
    |tmp34_fu_5822_p2                     |    xor   |      0|  0|   8|           8|           8|
    |tmp35_fu_5818_p2                     |    xor   |      0|  0|   8|           8|           8|
    |tmp36_fu_5831_p2                     |    xor   |      0|  0|   8|           8|           8|
    |tmp37_fu_5827_p2                     |    xor   |      0|  0|   8|           8|           8|
    |tmp38_fu_5847_p2                     |    xor   |      0|  0|   8|           8|           8|
    |tmp39_fu_5843_p2                     |    xor   |      0|  0|   8|           8|           8|
    |tmp3_fu_4128_p2                      |    xor   |      0|  0|   8|           8|           5|
    |tmp40_fu_5856_p2                     |    xor   |      0|  0|   8|           8|           8|
    |tmp41_fu_5852_p2                     |    xor   |      0|  0|   8|           8|           8|
    |tmp42_fu_5868_p2                     |    xor   |      0|  0|   8|           8|           8|
    |tmp43_fu_5878_p2                     |    xor   |      0|  0|   8|           8|           8|
    |tmp44_fu_5873_p2                     |    xor   |      0|  0|   8|           8|           8|
    |tmp45_fu_5890_p2                     |    xor   |      0|  0|   8|           8|           8|
    |tmp46_fu_5899_p2                     |    xor   |      0|  0|   8|           8|           8|
    |tmp47_fu_5894_p2                     |    xor   |      0|  0|   8|           8|           8|
    |tmp48_fu_5915_p2                     |    xor   |      0|  0|   8|           8|           8|
    |tmp49_fu_5911_p2                     |    xor   |      0|  0|   8|           8|           8|
    |tmp4_fu_4351_p2                      |    xor   |      0|  0|   8|           8|           7|
    |tmp50_fu_5924_p2                     |    xor   |      0|  0|   8|           8|           8|
    |tmp51_fu_5920_p2                     |    xor   |      0|  0|   8|           8|           8|
    |tmp52_fu_5940_p2                     |    xor   |      0|  0|   8|           8|           8|
    |tmp53_fu_5936_p2                     |    xor   |      0|  0|   8|           8|           8|
    |tmp54_fu_5949_p2                     |    xor   |      0|  0|   8|           8|           8|
    |tmp55_fu_5945_p2                     |    xor   |      0|  0|   8|           8|           8|
    |tmp56_fu_5961_p2                     |    xor   |      0|  0|   8|           8|           8|
    |tmp57_fu_5971_p2                     |    xor   |      0|  0|   8|           8|           8|
    |tmp58_fu_5966_p2                     |    xor   |      0|  0|   8|           8|           8|
    |tmp59_fu_5983_p2                     |    xor   |      0|  0|   8|           8|           8|
    |tmp5_fu_4556_p2                      |    xor   |      0|  0|   8|           8|           5|
    |tmp60_fu_5992_p2                     |    xor   |      0|  0|   8|           8|           8|
    |tmp61_fu_5987_p2                     |    xor   |      0|  0|   8|           8|           8|
    |tmp6_fu_5636_p2                      |    xor   |      0|  0|   8|           8|           8|
    |tmp7_fu_5632_p2                      |    xor   |      0|  0|   8|           8|           8|
    |tmp8_fu_5645_p2                      |    xor   |      0|  0|   8|           8|           8|
    |tmp9_fu_5641_p2                      |    xor   |      0|  0|   8|           8|           8|
    |tmp_45_1_fu_5564_p2                  |    xor   |      0|  0|   8|           8|           8|
    |tmp_45_2_fu_5596_p2                  |    xor   |      0|  0|   8|           8|           8|
    |tmp_45_3_fu_5628_p2                  |    xor   |      0|  0|   8|           8|           8|
    |tmp_8_fu_5532_p2                     |    xor   |      0|  0|   8|           8|           8|
    +-------------------------------------+----------+-------+---+----+------------+------------+
    |Total                                |          |      0|  0|2824|        2450|        2699|
    +-------------------------------------+----------+-------+---+----+------------+------------+

    * Multiplexer: 
    +-------------------------------+-----+-----------+-----+-----------+
    |              Name             | LUT | Input Size| Bits| Total Bits|
    +-------------------------------+-----+-----------+-----+-----------+
    |ap_NS_fsm                      |  265|         62|    1|         62|
    |ap_enable_reg_pp2_iter1        |    9|          2|    1|          2|
    |ap_enable_reg_pp2_iter2        |    9|          2|    1|          2|
    |grp_fu_3517_p1                 |   15|          3|    8|         24|
    |grp_fu_3528_p1                 |   15|          3|    8|         24|
    |grp_fu_3539_p1                 |   15|          3|    8|         24|
    |grp_fu_3550_p1                 |   15|          3|    8|         24|
    |grp_fu_3561_p1                 |   15|          3|    8|         24|
    |grp_fu_3572_p1                 |   15|          3|    8|         24|
    |grp_fu_3583_p1                 |   15|          3|    8|         24|
    |grp_fu_3594_p1                 |   15|          3|    8|         24|
    |grp_fu_3605_p1                 |   15|          3|    8|         24|
    |grp_fu_3616_p1                 |   15|          3|    8|         24|
    |grp_fu_3627_p1                 |   15|          3|    8|         24|
    |grp_fu_3638_p1                 |   15|          3|    8|         24|
    |grp_fu_3649_p1                 |   15|          3|    8|         24|
    |grp_fu_3660_p1                 |   15|          3|    8|         24|
    |grp_fu_3671_p1                 |   15|          3|    8|         24|
    |grp_fu_3682_p1                 |   15|          3|    8|         24|
    |i1_reg_3323                    |    9|          2|    5|         10|
    |i3_reg_3506                    |    9|          2|    5|         10|
    |inStream_TDATA_blk_n           |    9|          2|    1|          2|
    |inStream_V_data_V_0_data_out   |    9|          2|    8|         16|
    |inStream_V_data_V_0_state      |   15|          3|    2|          6|
    |inStream_V_last_V_0_state      |   15|          3|    2|          6|
    |input_V_address0               |   47|         10|    4|         40|
    |input_V_address1               |   44|          9|    4|         36|
    |key_V_address0                 |   85|         17|    4|         68|
    |outStream_TDATA_blk_n          |    9|          2|    1|          2|
    |outStream_V_data_V_1_data_out  |    9|          2|    8|         16|
    |outStream_V_data_V_1_state     |   15|          3|    2|          6|
    |outStream_V_keep_V_1_state     |   15|          3|    2|          6|
    |outStream_V_last_V_1_data_out  |    9|          2|    1|          2|
    |outStream_V_last_V_1_state     |   15|          3|    2|          6|
    |outStream_V_strb_V_1_state     |   15|          3|    2|          6|
    |output_address0                |   47|         10|    4|         40|
    |output_address1                |   44|          9|    4|         36|
    |output_d0                      |   44|          9|    8|         72|
    |output_d1                      |   44|          9|    8|         72|
    |reg_3693                       |    9|          2|    8|         16|
    |reg_3698                       |    9|          2|    8|         16|
    |roundKeys_0_V_address0         |   38|          7|    4|         28|
    |roundKeys_0_V_address1         |   38|          7|    4|         28|
    |roundKeys_0_V_d0               |   38|          7|    8|         56|
    |roundKeys_0_V_d1               |   33|          6|    8|         48|
    |roundKeys_10_V_address0        |   38|          7|    4|         28|
    |roundKeys_10_V_address1        |   38|          7|    4|         28|
    |roundKeys_10_V_d0              |   38|          7|    8|         56|
    |roundKeys_10_V_d1              |   33|          6|    8|         48|
    |roundKeys_11_V_address0        |   38|          7|    4|         28|
    |roundKeys_11_V_address1        |   38|          7|    4|         28|
    |roundKeys_11_V_d0              |   38|          7|    8|         56|
    |roundKeys_11_V_d1              |   33|          6|    8|         48|
    |roundKeys_12_V_address0        |   38|          7|    4|         28|
    |roundKeys_12_V_address1        |   38|          7|    4|         28|
    |roundKeys_12_V_d0              |   38|          7|    8|         56|
    |roundKeys_12_V_d1              |   33|          6|    8|         48|
    |roundKeys_13_V_address0        |   38|          7|    4|         28|
    |roundKeys_13_V_address1        |   38|          7|    4|         28|
    |roundKeys_13_V_d0              |   38|          7|    8|         56|
    |roundKeys_13_V_d1              |   33|          6|    8|         48|
    |roundKeys_14_V_address0        |   38|          7|    4|         28|
    |roundKeys_14_V_address1        |   38|          7|    4|         28|
    |roundKeys_14_V_d0              |   38|          7|    8|         56|
    |roundKeys_14_V_d1              |   33|          6|    8|         48|
    |roundKeys_15_V_address0        |   44|          9|    4|         36|
    |roundKeys_15_V_address1        |   27|          5|    4|         20|
    |roundKeys_15_V_d0              |   44|          9|    8|         72|
    |roundKeys_15_V_d1              |   21|          4|    8|         32|
    |roundKeys_1_V_address0         |   38|          7|    4|         28|
    |roundKeys_1_V_address1         |   38|          7|    4|         28|
    |roundKeys_1_V_d0               |   38|          7|    8|         56|
    |roundKeys_1_V_d1               |   33|          6|    8|         48|
    |roundKeys_2_V_address0         |   38|          7|    4|         28|
    |roundKeys_2_V_address1         |   38|          7|    4|         28|
    |roundKeys_2_V_d0               |   38|          7|    8|         56|
    |roundKeys_2_V_d1               |   33|          6|    8|         48|
    |roundKeys_3_V_address0         |   38|          7|    4|         28|
    |roundKeys_3_V_address1         |   38|          7|    4|         28|
    |roundKeys_3_V_d0               |   38|          7|    8|         56|
    |roundKeys_3_V_d1               |   33|          6|    8|         48|
    |roundKeys_4_V_address0         |   38|          7|    4|         28|
    |roundKeys_4_V_address1         |   38|          7|    4|         28|
    |roundKeys_4_V_d0               |   38|          7|    8|         56|
    |roundKeys_4_V_d1               |   33|          6|    8|         48|
    |roundKeys_5_V_address0         |   38|          7|    4|         28|
    |roundKeys_5_V_address1         |   38|          7|    4|         28|
    |roundKeys_5_V_d0               |   38|          7|    8|         56|
    |roundKeys_5_V_d1               |   33|          6|    8|         48|
    |roundKeys_6_V_address0         |   38|          7|    4|         28|
    |roundKeys_6_V_address1         |   38|          7|    4|         28|
    |roundKeys_6_V_d0               |   38|          7|    8|         56|
    |roundKeys_6_V_d1               |   33|          6|    8|         48|
    |roundKeys_7_V_address0         |   38|          7|    4|         28|
    |roundKeys_7_V_address1         |   38|          7|    4|         28|
    |roundKeys_7_V_d0               |   38|          7|    8|         56|
    |roundKeys_7_V_d1               |   33|          6|    8|         48|
    |roundKeys_8_V_address0         |   38|          7|    4|         28|
    |roundKeys_8_V_address1         |   38|          7|    4|         28|
    |roundKeys_8_V_d0               |   38|          7|    8|         56|
    |roundKeys_8_V_d1               |   33|          6|    8|         48|
    |roundKeys_9_V_address0         |   38|          7|    4|         28|
    |roundKeys_9_V_address1         |   38|          7|    4|         28|
    |roundKeys_9_V_d0               |   38|          7|    8|         56|
    |roundKeys_9_V_d1               |   33|          6|    8|         48|
    |round_assign_reg_3494          |    9|          2|    4|          8|
    |sboxExp_V_address0             |  101|         21|    8|        168|
    |sboxExp_V_address1             |  101|         21|    8|        168|
    |sboxSub_V_0_address0           |   33|          6|    7|         42|
    |sboxSub_V_0_address1           |   33|          6|    7|         42|
    |sboxSub_V_0_address2           |   33|          6|    7|         42|
    |sboxSub_V_0_address3           |   33|          6|    7|         42|
    |sboxSub_V_1_address0           |   33|          6|    7|         42|
    |sboxSub_V_1_address1           |   33|          6|    7|         42|
    |sboxSub_V_1_address2           |   33|          6|    7|         42|
    |sboxSub_V_1_address3           |   33|          6|    7|         42|
    |state_V_0_1_reg_3474           |    9|          2|    8|         16|
    |state_V_0_2_reg_3464           |    9|          2|    8|         16|
    |state_V_0_3_reg_3454           |    9|          2|    8|         16|
    |state_V_1_1_reg_3434           |    9|          2|    8|         16|
    |state_V_1_2_reg_3424           |    9|          2|    8|         16|
    |state_V_1_3_reg_3414           |    9|          2|    8|         16|
    |state_V_1_reg_3444             |    9|          2|    8|         16|
    |state_V_2_1_reg_3394           |    9|          2|    8|         16|
    |state_V_2_2_reg_3384           |    9|          2|    8|         16|
    |state_V_2_3_reg_3374           |    9|          2|    8|         16|
    |state_V_2_reg_3404             |    9|          2|    8|         16|
    |state_V_3_1_reg_3354           |    9|          2|    8|         16|
    |state_V_3_2_reg_3344           |    9|          2|    8|         16|
    |state_V_3_3_reg_3334           |    9|          2|    8|         16|
    |state_V_3_reg_3364             |    9|          2|    8|         16|
    |state_V_reg_3484               |    9|          2|    8|         16|
    +-------------------------------+-----+-----------+-----+-----------+
    |Total                          | 4009|        779|  812|       4436|
    +-------------------------------+-----+-----------+-----+-----------+

    * Register: 
    +---------------------------------+----+----+-----+-----------+
    |               Name              | FF | LUT| Bits| Const Bits|
    +---------------------------------+----+----+-----+-----------+
    |agg_result_V_i10_reg_8277        |   8|   0|    8|          0|
    |agg_result_V_i12_reg_8023        |   8|   0|    8|          0|
    |agg_result_V_i13_reg_8191        |   8|   0|    8|          0|
    |agg_result_V_i14_reg_8283        |   8|   0|    8|          0|
    |agg_result_V_i1_reg_8173         |   8|   0|    8|          0|
    |agg_result_V_i2_reg_8265         |   8|   0|    8|          0|
    |agg_result_V_i4_reg_8011         |   8|   0|    8|          0|
    |agg_result_V_i5_reg_8179         |   8|   0|    8|          0|
    |agg_result_V_i6_reg_8271         |   8|   0|    8|          0|
    |agg_result_V_i8_reg_8017         |   8|   0|    8|          0|
    |agg_result_V_i9_reg_8185         |   8|   0|    8|          0|
    |agg_result_V_i_reg_8005          |   8|   0|    8|          0|
    |ap_CS_fsm                        |  61|   0|   61|          0|
    |ap_enable_reg_pp2_iter0          |   1|   0|    1|          0|
    |ap_enable_reg_pp2_iter1          |   1|   0|    1|          0|
    |ap_enable_reg_pp2_iter2          |   1|   0|    1|          0|
    |exitcond_reg_8604                |   1|   0|    1|          0|
    |exitcond_reg_8604_pp2_iter1_reg  |   1|   0|    1|          0|
    |i1_reg_3323                      |   5|   0|    5|          0|
    |i3_reg_3506                      |   5|   0|    5|          0|
    |inStream_V_data_V_0_payload_A    |   8|   0|    8|          0|
    |inStream_V_data_V_0_payload_B    |   8|   0|    8|          0|
    |inStream_V_data_V_0_sel_rd       |   1|   0|    1|          0|
    |inStream_V_data_V_0_sel_wr       |   1|   0|    1|          0|
    |inStream_V_data_V_0_state        |   2|   0|    2|          0|
    |inStream_V_last_V_0_state        |   2|   0|    2|          0|
    |key_V_load_10_reg_6647           |   8|   0|    8|          0|
    |key_V_load_11_reg_6695           |   8|   0|    8|          0|
    |key_V_load_12_reg_6408           |   8|   0|    8|          0|
    |key_V_load_13_reg_6423           |   8|   0|    8|          0|
    |key_V_load_14_reg_6438           |   8|   0|    8|          0|
    |key_V_load_15_reg_6458           |   8|   0|    8|          0|
    |key_V_load_1_reg_6480            |   8|   0|    8|          0|
    |key_V_load_2_reg_6492            |   8|   0|    8|          0|
    |key_V_load_3_reg_6504            |   8|   0|    8|          0|
    |key_V_load_4_reg_6516            |   8|   0|    8|          0|
    |key_V_load_5_reg_6529            |   8|   0|    8|          0|
    |key_V_load_6_reg_6542            |   8|   0|    8|          0|
    |key_V_load_7_reg_6560            |   8|   0|    8|          0|
    |key_V_load_8_reg_6583            |   8|   0|    8|          0|
    |key_V_load_9_reg_6600            |   8|   0|    8|          0|
    |key_V_load_reg_6468              |   8|   0|    8|          0|
    |newIndex18_reg_7746              |   7|   0|    7|          0|
    |newIndex22_reg_7756              |   7|   0|    7|          0|
    |newIndex26_reg_7766              |   7|   0|    7|          0|
    |newIndex30_reg_7776              |   7|   0|    7|          0|
    |newIndex34_reg_7786              |   7|   0|    7|          0|
    |newIndex38_reg_7796              |   7|   0|    7|          0|
    |newIndex42_reg_7806              |   7|   0|    7|          0|
    |newIndex46_reg_7816              |   7|   0|    7|          0|
    |newIndex50_reg_7826              |   7|   0|    7|          0|
    |newIndex54_reg_7836              |   7|   0|    7|          0|
    |newIndex58_reg_7846              |   7|   0|    7|          0|
    |newIndex62_reg_7856              |   7|   0|    7|          0|
    |outStream_V_data_V_1_payload_A   |   8|   0|    8|          0|
    |outStream_V_data_V_1_payload_B   |   8|   0|    8|          0|
    |outStream_V_data_V_1_sel_rd      |   1|   0|    1|          0|
    |outStream_V_data_V_1_sel_wr      |   1|   0|    1|          0|
    |outStream_V_data_V_1_state       |   2|   0|    2|          0|
    |outStream_V_keep_V_1_sel_rd      |   1|   0|    1|          0|
    |outStream_V_keep_V_1_state       |   2|   0|    2|          0|
    |outStream_V_last_V_1_payload_A   |   1|   0|    1|          0|
    |outStream_V_last_V_1_payload_B   |   1|   0|    1|          0|
    |outStream_V_last_V_1_sel_rd      |   1|   0|    1|          0|
    |outStream_V_last_V_1_sel_wr      |   1|   0|    1|          0|
    |outStream_V_last_V_1_state       |   2|   0|    2|          0|
    |outStream_V_strb_V_1_sel_rd      |   1|   0|    1|          0|
    |outStream_V_strb_V_1_state       |   2|   0|    2|          0|
    |reg_3693                         |   8|   0|    8|          0|
    |reg_3698                         |   8|   0|    8|          0|
    |reg_3703                         |   8|   0|    8|          0|
    |ret_V_1_0_1_reg_6617             |   8|   0|    8|          0|
    |ret_V_1_0_2_reg_6658             |   8|   0|    8|          0|
    |ret_V_1_10_1_reg_6832            |   8|   0|    8|          0|
    |ret_V_1_10_2_reg_6820            |   8|   0|    8|          0|
    |ret_V_1_10_3_reg_6839            |   8|   0|    8|          0|
    |ret_V_1_12_1_reg_6868            |   8|   0|    8|          0|
    |ret_V_1_12_2_reg_6901            |   8|   0|    8|          0|
    |ret_V_1_12_3_reg_6907            |   8|   0|    8|          0|
    |ret_V_1_12_reg_6963              |   8|   0|    8|          0|
    |ret_V_1_13_1_reg_6874            |   8|   0|    8|          0|
    |ret_V_1_13_2_reg_6913            |   8|   0|    8|          0|
    |ret_V_1_13_3_reg_6921            |   8|   0|    8|          0|
    |ret_V_1_14_reg_6971              |   8|   0|    8|          0|
    |ret_V_1_15_1_reg_6882            |   8|   0|    8|          0|
    |ret_V_1_15_2_reg_6929            |   8|   0|    8|          0|
    |ret_V_1_15_3_reg_6937            |   8|   0|    8|          0|
    |ret_V_1_15_reg_6955              |   8|   0|    8|          0|
    |ret_V_1_16_1_reg_6984            |   8|   0|    8|          0|
    |ret_V_1_16_2_reg_6992            |   8|   0|    8|          0|
    |ret_V_1_16_3_reg_7000            |   8|   0|    8|          0|
    |ret_V_1_17_reg_7032              |   8|   0|    8|          0|
    |ret_V_1_18_1_reg_7008            |   8|   0|    8|          0|
    |ret_V_1_18_2_reg_7015            |   8|   0|    8|          0|
    |ret_V_1_18_3_reg_7039            |   8|   0|    8|          0|
    |ret_V_1_19_reg_7056              |   8|   0|    8|          0|
    |ret_V_1_20_1_reg_7062            |   8|   0|    8|          0|
    |ret_V_1_20_2_reg_7086            |   8|   0|    8|          0|
    |ret_V_1_20_3_reg_7092            |   8|   0|    8|          0|
    |ret_V_1_20_reg_7068              |   8|   0|    8|          0|
    |ret_V_1_21_1_reg_7077            |   8|   0|    8|          0|
    |ret_V_1_21_2_reg_7098            |   8|   0|    8|          0|
    |ret_V_1_21_3_reg_7106            |   8|   0|    8|          0|
    |ret_V_1_22_reg_7137              |   8|   0|    8|          0|
    |ret_V_1_23_1_reg_7115            |   8|   0|    8|          0|
    |ret_V_1_23_2_reg_7121            |   8|   0|    8|          0|
    |ret_V_1_23_3_reg_7143            |   8|   0|    8|          0|
    |ret_V_1_23_reg_7159              |   8|   0|    8|          0|
    |ret_V_1_24_1_reg_7167            |   8|   0|    8|          0|
    |ret_V_1_24_2_reg_7175            |   8|   0|    8|          0|
    |ret_V_1_24_3_reg_7183            |   8|   0|    8|          0|
    |ret_V_1_25_reg_7203              |   8|   0|    8|          0|
    |ret_V_1_26_1_reg_7191            |   8|   0|    8|          0|
    |ret_V_1_26_2_reg_7211            |   8|   0|    8|          0|
    |ret_V_1_26_3_reg_7218            |   8|   0|    8|          0|
    |ret_V_1_27_reg_7235              |   8|   0|    8|          0|
    |ret_V_1_28_1_reg_7262            |   8|   0|    8|          0|
    |ret_V_1_28_2_reg_7268            |   8|   0|    8|          0|
    |ret_V_1_28_3_reg_7310            |   8|   0|    8|          0|
    |ret_V_1_28_reg_7241              |   8|   0|    8|          0|
    |ret_V_1_29_1_reg_7274            |   8|   0|    8|          0|
    |ret_V_1_29_2_reg_7282            |   8|   0|    8|          0|
    |ret_V_1_29_3_reg_7316            |   8|   0|    8|          0|
    |ret_V_1_2_1_reg_6630             |   8|   0|    8|          0|
    |ret_V_1_2_2_reg_6664             |   8|   0|    8|          0|
    |ret_V_1_2_3_reg_6701             |   8|   0|    8|          0|
    |ret_V_1_2_reg_6623               |   8|   0|    8|          0|
    |ret_V_1_30_reg_7249              |   8|   0|    8|          0|
    |ret_V_1_31_1_reg_7290            |   8|   0|    8|          0|
    |ret_V_1_31_2_reg_7297            |   8|   0|    8|          0|
    |ret_V_1_31_3_reg_7324            |   8|   0|    8|          0|
    |ret_V_1_31_reg_7341              |   8|   0|    8|          0|
    |ret_V_1_32_1_reg_7354            |   8|   0|    8|          0|
    |ret_V_1_32_2_reg_7362            |   8|   0|    8|          0|
    |ret_V_1_32_3_reg_7370            |   8|   0|    8|          0|
    |ret_V_1_33_reg_7400              |   8|   0|    8|          0|
    |ret_V_1_34_1_reg_7378            |   8|   0|    8|          0|
    |ret_V_1_34_2_reg_7384            |   8|   0|    8|          0|
    |ret_V_1_34_3_reg_7406            |   8|   0|    8|          0|
    |ret_V_1_35_reg_7422              |   8|   0|    8|          0|
    |ret_V_1_36_1_reg_7428            |   8|   0|    8|          0|
    |ret_V_1_36_2_reg_7450            |   8|   0|    8|          0|
    |ret_V_1_36_3_reg_7455            |   8|   0|    8|          0|
    |ret_V_1_36_reg_7434              |   8|   0|    8|          0|
    |ret_V_1_37_1_reg_7442            |   8|   0|    8|          0|
    |ret_V_1_37_2_reg_7460            |   8|   0|    8|          0|
    |ret_V_1_37_3_reg_7465            |   8|   0|    8|          0|
    |ret_V_1_37_reg_7470              |   8|   0|    8|          0|
    |ret_V_1_38_1_reg_7475            |   8|   0|    8|          0|
    |ret_V_1_38_2_reg_7480            |   8|   0|    8|          0|
    |ret_V_1_38_3_reg_7485            |   8|   0|    8|          0|
    |ret_V_1_38_reg_7490              |   8|   0|    8|          0|
    |ret_V_1_39_1_reg_7495            |   8|   0|    8|          0|
    |ret_V_1_39_2_reg_7500            |   8|   0|    8|          0|
    |ret_V_1_39_3_reg_7505            |   8|   0|    8|          0|
    |ret_V_1_4_1_reg_6744             |   8|   0|    8|          0|
    |ret_V_1_4_3_reg_6719             |   8|   0|    8|          0|
    |ret_V_1_4_reg_6713               |   8|   0|    8|          0|
    |ret_V_1_5_1_reg_6750             |   8|   0|    8|          0|
    |ret_V_1_5_2_reg_6758             |   8|   0|    8|          0|
    |ret_V_1_5_3_reg_6676             |   8|   0|    8|          0|
    |ret_V_1_5_reg_6725               |   8|   0|    8|          0|
    |ret_V_1_7_1_reg_6766             |   8|   0|    8|          0|
    |ret_V_1_7_2_reg_6772             |   8|   0|    8|          0|
    |ret_V_1_7_3_reg_6684             |   8|   0|    8|          0|
    |ret_V_1_7_reg_6733               |   8|   0|    8|          0|
    |ret_V_1_8_1_reg_6812             |   8|   0|    8|          0|
    |ret_V_1_8_2_reg_6788             |   8|   0|    8|          0|
    |ret_V_1_8_3_reg_6796             |   8|   0|    8|          0|
    |ret_V_1_8_reg_6804               |   8|   0|    8|          0|
    |ret_V_1_reg_6895                 |   8|   0|    8|          0|
    |ret_V_1_s_reg_6856               |   8|   0|    8|          0|
    |ret_V_s_reg_6611                 |   8|   0|    8|          0|
    |roundKeys_0_V_load_reg_8029      |   8|   0|    8|          0|
    |roundKeys_10_V_load_reg_8079     |   8|   0|    8|          0|
    |roundKeys_11_V_load_reg_8084     |   8|   0|    8|          0|
    |roundKeys_12_V_load_reg_8089     |   8|   0|    8|          0|
    |roundKeys_13_V_load_reg_8094     |   8|   0|    8|          0|
    |roundKeys_14_V_load_reg_8099     |   8|   0|    8|          0|
    |roundKeys_15_V_load_reg_8104     |   8|   0|    8|          0|
    |roundKeys_1_V_load_reg_8034      |   8|   0|    8|          0|
    |roundKeys_2_V_load_reg_8039      |   8|   0|    8|          0|
    |roundKeys_3_V_load_reg_8044      |   8|   0|    8|          0|
    |roundKeys_4_V_load_reg_8049      |   8|   0|    8|          0|
    |roundKeys_5_V_load_reg_8054      |   8|   0|    8|          0|
    |roundKeys_6_V_load_reg_8059      |   8|   0|    8|          0|
    |roundKeys_7_V_load_reg_8064      |   8|   0|    8|          0|
    |roundKeys_8_V_load_reg_8069      |   8|   0|    8|          0|
    |roundKeys_9_V_load_reg_8074      |   8|   0|    8|          0|
    |round_assign_reg_3494            |   4|   0|    4|          0|
    |state_0_0_V_1_reg_7941           |   8|   0|    8|          0|
    |state_0_0_V_reg_7538             |   8|   0|    8|          0|
    |state_0_1_V_1_reg_7947           |   8|   0|    8|          0|
    |state_0_1_V_2_reg_8544           |   8|   0|    8|          0|
    |state_0_1_V_reg_7578             |   8|   0|    8|          0|
    |state_0_2_V_1_reg_7953           |   8|   0|    8|          0|
    |state_0_2_V_2_reg_8564           |   8|   0|    8|          0|
    |state_0_2_V_reg_7618             |   8|   0|    8|          0|
    |state_0_3_V_1_reg_7959           |   8|   0|    8|          0|
    |state_0_3_V_2_reg_8584           |   8|   0|    8|          0|
    |state_0_3_V_reg_7658             |   8|   0|    8|          0|
    |state_1_0_V_2_reg_8115           |   8|   0|    8|          0|
    |state_1_0_V_reg_7543             |   8|   0|    8|          0|
    |state_1_1_V_1_reg_8549           |   8|   0|    8|          0|
    |state_1_1_V_2_reg_8121           |   8|   0|    8|          0|
    |state_1_1_V_reg_7583             |   8|   0|    8|          0|
    |state_1_2_V_1_reg_8569           |   8|   0|    8|          0|
    |state_1_2_V_2_reg_8127           |   8|   0|    8|          0|
    |state_1_2_V_reg_7623             |   8|   0|    8|          0|
    |state_1_3_V_1_reg_8589           |   8|   0|    8|          0|
    |state_1_3_V_reg_7663             |   8|   0|    8|          0|
    |state_2_0_V_1_reg_8534           |   8|   0|    8|          0|
    |state_2_0_V_2_reg_8211           |   8|   0|    8|          0|
    |state_2_0_V_reg_7558             |   8|   0|    8|          0|
    |state_2_1_V_1_reg_8554           |   8|   0|    8|          0|
    |state_2_1_V_2_reg_8218           |   8|   0|    8|          0|
    |state_2_1_V_reg_7598             |   8|   0|    8|          0|
    |state_2_2_V_1_reg_8574           |   8|   0|    8|          0|
    |state_2_2_V_reg_7638             |   8|   0|    8|          0|
    |state_2_3_V_1_reg_8594           |   8|   0|    8|          0|
    |state_3_0_V_1_reg_8539           |   8|   0|    8|          0|
    |state_3_0_V_reg_7563             |   8|   0|    8|          0|
    |state_3_1_V_1_reg_8559           |   8|   0|    8|          0|
    |state_3_1_V_reg_7603             |   8|   0|    8|          0|
    |state_3_2_V_1_reg_8579           |   8|   0|    8|          0|
    |state_3_2_V_reg_7643             |   8|   0|    8|          0|
    |state_3_3_V_1_reg_8599           |   8|   0|    8|          0|
    |state_V_0_1_reg_3474             |   8|   0|    8|          0|
    |state_V_0_2_reg_3464             |   8|   0|    8|          0|
    |state_V_0_3_reg_3454             |   8|   0|    8|          0|
    |state_V_1_1_reg_3434             |   8|   0|    8|          0|
    |state_V_1_2_reg_3424             |   8|   0|    8|          0|
    |state_V_1_3_reg_3414             |   8|   0|    8|          0|
    |state_V_1_reg_3444               |   8|   0|    8|          0|
    |state_V_2_1_reg_3394             |   8|   0|    8|          0|
    |state_V_2_2_reg_3384             |   8|   0|    8|          0|
    |state_V_2_3_reg_3374             |   8|   0|    8|          0|
    |state_V_2_reg_3404               |   8|   0|    8|          0|
    |state_V_3_1_reg_3354             |   8|   0|    8|          0|
    |state_V_3_2_reg_3344             |   8|   0|    8|          0|
    |state_V_3_3_reg_3334             |   8|   0|    8|          0|
    |state_V_3_reg_3364               |   8|   0|    8|          0|
    |state_V_reg_3484                 |   8|   0|    8|          0|
    |temp1_V_2_reg_8204               |   8|   0|    8|          0|
    |temp_V_6_reg_8109                |   8|   0|    8|          0|
    |temp_V_7_reg_8197                |   8|   0|    8|          0|
    |tmp_25_reg_7681                  |   1|   0|    1|          0|
    |tmp_26_reg_7696                  |   1|   0|    1|          0|
    |tmp_27_reg_7711                  |   1|   0|    1|          0|
    |tmp_28_reg_7726                  |   1|   0|    1|          0|
    |tmp_29_reg_7741                  |   1|   0|    1|          0|
    |tmp_30_reg_7751                  |   1|   0|    1|          0|
    |tmp_31_reg_7761                  |   1|   0|    1|          0|
    |tmp_32_reg_7771                  |   1|   0|    1|          0|
    |tmp_33_reg_7781                  |   1|   0|    1|          0|
    |tmp_34_reg_7791                  |   1|   0|    1|          0|
    |tmp_35_reg_7801                  |   1|   0|    1|          0|
    |tmp_36_reg_7811                  |   1|   0|    1|          0|
    |tmp_37_reg_7821                  |   1|   0|    1|          0|
    |tmp_38_reg_7831                  |   1|   0|    1|          0|
    |tmp_39_reg_7841                  |   1|   0|    1|          0|
    |tmp_40_reg_7851                  |   1|   0|    1|          0|
    |val_last_V_reg_8618              |   1|   0|    1|          0|
    +---------------------------------+----+----+-----+-----------+
    |Total                            |1875|   0| 1875|          0|
    +---------------------------------+----+----+-----+-----------+



================================================================
== Interface
================================================================
* Summary: 
+------------------------+-----+-----+------------+--------------------+--------------+
|        RTL Ports       | Dir | Bits|  Protocol  |    Source Object   |    C Type    |
+------------------------+-----+-----+------------+--------------------+--------------+
|s_axi_AXILiteS_AWVALID  |  in |    1|    s_axi   |      AXILiteS      |     array    |
|s_axi_AXILiteS_AWREADY  | out |    1|    s_axi   |      AXILiteS      |     array    |
|s_axi_AXILiteS_AWADDR   |  in |    5|    s_axi   |      AXILiteS      |     array    |
|s_axi_AXILiteS_WVALID   |  in |    1|    s_axi   |      AXILiteS      |     array    |
|s_axi_AXILiteS_WREADY   | out |    1|    s_axi   |      AXILiteS      |     array    |
|s_axi_AXILiteS_WDATA    |  in |   32|    s_axi   |      AXILiteS      |     array    |
|s_axi_AXILiteS_WSTRB    |  in |    4|    s_axi   |      AXILiteS      |     array    |
|s_axi_AXILiteS_ARVALID  |  in |    1|    s_axi   |      AXILiteS      |     array    |
|s_axi_AXILiteS_ARREADY  | out |    1|    s_axi   |      AXILiteS      |     array    |
|s_axi_AXILiteS_ARADDR   |  in |    5|    s_axi   |      AXILiteS      |     array    |
|s_axi_AXILiteS_RVALID   | out |    1|    s_axi   |      AXILiteS      |     array    |
|s_axi_AXILiteS_RREADY   |  in |    1|    s_axi   |      AXILiteS      |     array    |
|s_axi_AXILiteS_RDATA    | out |   32|    s_axi   |      AXILiteS      |     array    |
|s_axi_AXILiteS_RRESP    | out |    2|    s_axi   |      AXILiteS      |     array    |
|s_axi_AXILiteS_BVALID   | out |    1|    s_axi   |      AXILiteS      |     array    |
|s_axi_AXILiteS_BREADY   |  in |    1|    s_axi   |      AXILiteS      |     array    |
|s_axi_AXILiteS_BRESP    | out |    2|    s_axi   |      AXILiteS      |     array    |
|ap_clk                  |  in |    1| ap_ctrl_hs |   aes_encrypt_top  | return value |
|ap_rst_n                |  in |    1| ap_ctrl_hs |   aes_encrypt_top  | return value |
|interrupt               | out |    1| ap_ctrl_hs |   aes_encrypt_top  | return value |
|inStream_TDATA          |  in |    8|    axis    |  inStream_V_data_V |    pointer   |
|inStream_TVALID         |  in |    1|    axis    |  inStream_V_last_V |    pointer   |
|inStream_TREADY         | out |    1|    axis    |  inStream_V_last_V |    pointer   |
|inStream_TLAST          |  in |    1|    axis    |  inStream_V_last_V |    pointer   |
|inStream_TKEEP          |  in |    1|    axis    |  inStream_V_keep_V |    pointer   |
|inStream_TSTRB          |  in |    1|    axis    |  inStream_V_strb_V |    pointer   |
|outStream_TDATA         | out |    8|    axis    | outStream_V_data_V |    pointer   |
|outStream_TREADY        |  in |    1|    axis    | outStream_V_data_V |    pointer   |
|outStream_TVALID        | out |    1|    axis    | outStream_V_last_V |    pointer   |
|outStream_TLAST         | out |    1|    axis    | outStream_V_last_V |    pointer   |
|outStream_TKEEP         | out |    1|    axis    | outStream_V_keep_V |    pointer   |
|outStream_TSTRB         | out |    1|    axis    | outStream_V_strb_V |    pointer   |
+------------------------+-----+-----+------------+--------------------+--------------+

