21:26:59 **** Auto Build of configuration Debug for project aes_ECB_encrypt ****
make pre-build main-build 
a9-linaro-pre-build-step
 
Building file: ../src/main.c
Invoking: ARM v7 gcc compiler
arm-none-eabi-gcc -Wall -O0 -g3 -c -fmessage-length=0 -MT"src/main.o" -mcpu=cortex-a9 -mfpu=vfpv3 -mfloat-abi=hard -I../../aes_ECB_encrypt_bsp/ps7_cortexa9_0/include -MMD -MP -MF"src/main.d" -MT"src/main.o" -o "src/main.o" "../src/main.c"
Finished building: ../src/main.c
 
Building target: aes_ECB_encrypt.elf
Invoking: ARM v7 gcc linker
arm-none-eabi-gcc -mcpu=cortex-a9 -mfpu=vfpv3 -mfloat-abi=hard -Wl,-build-id=none -specs=Xilinx.spec -Wl,-T -Wl,../src/lscript.ld -L../../aes_ECB_encrypt_bsp/ps7_cortexa9_0/lib -o "aes_ECB_encrypt.elf"  ./src/main.o   -Wl,--start-group,-lxil,-lgcc,-lc,--end-group
Finished building target: aes_ECB_encrypt.elf
 
Invoking: ARM v7 Print Size
arm-none-eabi-size aes_ECB_encrypt.elf  |tee "aes_ECB_encrypt.elf.size"
   text	   data	    bss	    dec	    hex	filename
  35152	   2288	  22632	  60072	   eaa8	aes_ECB_encrypt.elf
Finished building: aes_ECB_encrypt.elf.size
 

21:26:59 Build Finished (took 886ms)

